Component: ARM Compiler 5.06 update 3 (build 300) Tool: armlink [4d35c9]

==============================================================================

Section Cross References

    startup_stm32f103xe.o(RESET) refers to startup_stm32f103xe.o(STACK) for __initial_sp
    startup_stm32f103xe.o(RESET) refers to startup_stm32f103xe.o(.text) for Reset_Handler
    startup_stm32f103xe.o(RESET) refers to stm32f1xx_it.o(i.NMI_Handler) for NMI_Handler
    startup_stm32f103xe.o(RESET) refers to stm32f1xx_it.o(i.HardFault_Handler) for HardFault_Handler
    startup_stm32f103xe.o(RESET) refers to stm32f1xx_it.o(i.MemManage_Handler) for MemManage_Handler
    startup_stm32f103xe.o(RESET) refers to stm32f1xx_it.o(i.BusFault_Handler) for BusFault_Handler
    startup_stm32f103xe.o(RESET) refers to stm32f1xx_it.o(i.UsageFault_Handler) for UsageFault_Handler
    startup_stm32f103xe.o(RESET) refers to stm32f1xx_it.o(i.SVC_Handler) for SVC_Handler
    startup_stm32f103xe.o(RESET) refers to stm32f1xx_it.o(i.DebugMon_Handler) for DebugMon_Handler
    startup_stm32f103xe.o(RESET) refers to stm32f1xx_it.o(i.PendSV_Handler) for PendSV_Handler
    startup_stm32f103xe.o(RESET) refers to stm32f1xx_it.o(i.SysTick_Handler) for SysTick_Handler
    startup_stm32f103xe.o(.text) refers to system_stm32f1xx.o(i.SystemInit) for SystemInit
    startup_stm32f103xe.o(.text) refers to entry.o(.ARM.Collect$$$$00000000) for __main
    main.o(i.SystemClock_Config) refers to memseta.o(.text) for __aeabi_memclr4
    main.o(i.SystemClock_Config) refers to stm32f1xx_hal_rcc.o(i.HAL_RCC_OscConfig) for HAL_RCC_OscConfig
    main.o(i.SystemClock_Config) refers to stm32f1xx_hal_rcc.o(i.HAL_RCC_ClockConfig) for HAL_RCC_ClockConfig
    main.o(i.main) refers to stm32f1xx_hal.o(i.HAL_Init) for HAL_Init
    main.o(i.main) refers to main.o(i.SystemClock_Config) for SystemClock_Config
    main.o(i.main) refers to gpio.o(i.MX_GPIO_Init) for MX_GPIO_Init
    main.o(i.main) refers to i2c.o(i.MX_I2C1_Init) for MX_I2C1_Init
    main.o(i.main) refers to usart.o(i.MX_USART1_UART_Init) for MX_USART1_UART_Init
    main.o(i.main) refers to mpu6050.o(i.MPU6050_initialize) for MPU6050_initialize
    main.o(i.main) refers to mpu6050.o(i.DMP_Init) for DMP_Init
    main.o(i.main) refers to mpu6050.o(i.Read_DMP) for Read_DMP
    main.o(i.main) refers to f2d.o(.text) for __aeabi_f2d
    main.o(i.main) refers to printfa.o(i.__0printf) for __2printf
    main.o(i.main) refers to stm32f1xx_hal.o(i.HAL_Delay) for HAL_Delay
    main.o(i.main) refers to mpu6050.o(.data) for Pitch
    i2c.o(i.HAL_I2C_MspDeInit) refers to stm32f1xx_hal_gpio.o(i.HAL_GPIO_DeInit) for HAL_GPIO_DeInit
    i2c.o(i.HAL_I2C_MspInit) refers to stm32f1xx_hal_gpio.o(i.HAL_GPIO_Init) for HAL_GPIO_Init
    i2c.o(i.MX_I2C1_Init) refers to stm32f1xx_hal_i2c.o(i.HAL_I2C_Init) for HAL_I2C_Init
    i2c.o(i.MX_I2C1_Init) refers to main.o(i.Error_Handler) for Error_Handler
    i2c.o(i.MX_I2C1_Init) refers to i2c.o(.bss) for .bss
    usart.o(i.HAL_UART_MspDeInit) refers to stm32f1xx_hal_gpio.o(i.HAL_GPIO_DeInit) for HAL_GPIO_DeInit
    usart.o(i.HAL_UART_MspInit) refers to stm32f1xx_hal_gpio.o(i.HAL_GPIO_Init) for HAL_GPIO_Init
    usart.o(i.MX_USART1_UART_Init) refers to stm32f1xx_hal_uart.o(i.HAL_UART_Init) for HAL_UART_Init
    usart.o(i.MX_USART1_UART_Init) refers to main.o(i.Error_Handler) for Error_Handler
    usart.o(i.MX_USART1_UART_Init) refers to usart.o(.bss) for .bss
    usart.o(i.fgetc) refers to stm32f1xx_hal_uart.o(i.HAL_UART_Receive) for HAL_UART_Receive
    usart.o(i.fgetc) refers to usart.o(.bss) for .bss
    usart.o(i.fputc) refers to stm32f1xx_hal_uart.o(i.HAL_UART_Transmit) for HAL_UART_Transmit
    usart.o(i.fputc) refers to usart.o(.bss) for .bss
    stm32f1xx_it.o(i.SysTick_Handler) refers to stm32f1xx_hal.o(i.HAL_IncTick) for HAL_IncTick
    inv_mpu.o(i.accel_self_test) refers to inv_mpu.o(i.get_accel_prod_shift) for get_accel_prod_shift
    inv_mpu.o(i.accel_self_test) refers to fflti.o(.text) for __aeabi_i2f
    inv_mpu.o(i.accel_self_test) refers to fscalb.o(.text) for __ARM_scalbnf
    inv_mpu.o(i.accel_self_test) refers to fdiv.o(.text) for __aeabi_fdiv
    inv_mpu.o(i.accel_self_test) refers to fadd.o(.text) for __aeabi_fsub
    inv_mpu.o(i.accel_self_test) refers to f2d.o(.text) for __aeabi_f2d
    inv_mpu.o(i.get_accel_prod_shift) refers to iic.o(i.mpu_ReadBytes) for mpu_ReadBytes
    inv_mpu.o(i.get_accel_prod_shift) refers to fmul.o(.text) for __aeabi_fmul
    inv_mpu.o(i.get_accel_prod_shift) refers to inv_mpu.o(.data) for .data
    inv_mpu.o(i.get_st_biases) refers to iic.o(i.mpu_WriteBytes) for mpu_WriteBytes
    inv_mpu.o(i.get_st_biases) refers to stm32f1xx_hal.o(i.HAL_Delay) for HAL_Delay
    inv_mpu.o(i.get_st_biases) refers to iic.o(i.mpu_ReadBytes) for mpu_ReadBytes
    inv_mpu.o(i.get_st_biases) refers to ldiv.o(.text) for __aeabi_ldivmod
    inv_mpu.o(i.get_st_biases) refers to inv_mpu.o(.data) for .data
[...]
    ../Drivers/STM32F1xx_HAL_Driver/Src/stm32f1xx_hal_tim.c 0x00000000   Number         0  stm32f1xx_hal_tim.o ABSOLUTE
    ../Drivers/STM32F1xx_HAL_Driver/Src/stm32f1xx_hal_tim_ex.c 0x00000000   Number         0  stm32f1xx_hal_tim_ex.o ABSOLUTE
    ../Drivers/STM32F1xx_HAL_Driver/Src/stm32f1xx_hal_uart.c 0x00000000   Number         0  stm32f1xx_hal_uart.o ABSOLUTE
    ../Src/gpio.c                            0x00000000   Number         0  gpio.o ABSOLUTE
    ../Src/i2c.c                             0x00000000   Number         0  i2c.o ABSOLUTE
    ../Src/main.c                            0x00000000   Number         0  main.o ABSOLUTE
    ../Src/stm32f1xx_hal_msp.c               0x00000000   Number         0  stm32f1xx_hal_msp.o ABSOLUTE
    ../Src/stm32f1xx_it.c                    0x00000000   Number         0  stm32f1xx_it.o ABSOLUTE
    ../Src/system_stm32f1xx.c                0x00000000   Number         0  system_stm32f1xx.o ABSOLUTE
    ../Src/usart.c                           0x00000000   Number         0  usart.o ABSOLUTE
    ../clib/microlib/division.c              0x00000000   Number         0  uidiv.o ABSOLUTE
    ../clib/microlib/division.c              0x00000000   Number         0  ldiv.o ABSOLUTE
    ../clib/microlib/division.c              0x00000000   Number         0  uldiv.o ABSOLUTE
    ../clib/microlib/errno.c                 0x00000000   Number         0  errno.o ABSOLUTE
    ../clib/microlib/init/entry.s            0x00000000   Number         0  entry10a.o ABSOLUTE
    ../clib/microlib/init/entry.s            0x00000000   Number         0  entry9b.o ABSOLUTE
    ../clib/microlib/init/entry.s            0x00000000   Number         0  entry9a.o ABSOLUTE
    ../clib/microlib/init/entry.s            0x00000000   Number         0  entry7b.o ABSOLUTE
    ../clib/microlib/init/entry.s            0x00000000   Number         0  entry.o ABSOLUTE
    ../clib/microlib/init/entry.s            0x00000000   Number         0  entry11a.o ABSOLUTE
    ../clib/microlib/init/entry.s            0x00000000   Number         0  entry11b.o ABSOLUTE
    ../clib/microlib/init/entry.s            0x00000000   Number         0  entry5.o ABSOLUTE
    ../clib/microlib/init/entry.s            0x00000000   Number         0  entry10b.o ABSOLUTE
    ../clib/microlib/init/entry.s            0x00000000   Number         0  entry8b.o ABSOLUTE
    ../clib/microlib/init/entry.s            0x00000000   Number         0  entry2.o ABSOLUTE
    ../clib/microlib/init/entry.s            0x00000000   Number         0  entry8a.o ABSOLUTE
    ../clib/microlib/init/entry.s            0x00000000   Number         0  entry7a.o ABSOLUTE
    ../clib/microlib/longlong.c              0x00000000   Number         0  llushr.o ABSOLUTE
    ../clib/microlib/longlong.c              0x00000000   Number         0  llsshr.o ABSOLUTE
    ../clib/microlib/longlong.c              0x00000000   Number         0  llshl.o ABSOLUTE
    ../clib/microlib/printf/printf.c         0x00000000   Number         0  printf5.o ABSOLUTE
    ../clib/microlib/printf/printf.c         0x00000000   Number         0  printf6.o ABSOLUTE
    ../clib/microlib/printf/printf.c         0x00000000   Number         0  printf7.o ABSOLUTE
    ../clib/microlib/printf/printf.c         0x00000000   Number         0  printf8.o ABSOLUTE
    ../clib/microlib/printf/printf.c         0x00000000   Number         0  printf0.o ABSOLUTE
    ../clib/microlib/printf/printf.c         0x00000000   Number         0  printf1.o ABSOLUTE
    ../clib/microlib/printf/printf.c         0x00000000   Number         0  printfb.o ABSOLUTE
    ../clib/microlib/printf/printf.c         0x00000000   Number         0  printf2.o ABSOLUTE
    ../clib/microlib/printf/printf.c         0x00000000   Number         0  printf3.o ABSOLUTE
    ../clib/microlib/printf/printf.c         0x00000000   Number         0  printf4.o ABSOLUTE
    ../clib/microlib/printf/printf.c         0x00000000   Number         0  printfa.o ABSOLUTE
    ../clib/microlib/printf/stubs.s          0x00000000   Number         0  stubs.o ABSOLUTE
    ../clib/microlib/stdio/streams.c         0x00000000   Number         0  stdout.o ABSOLUTE
    ../clib/microlib/string/memcmp.c         0x00000000   Number         0  memcmp.o ABSOLUTE
    ../clib/microlib/string/memset.c         0x00000000   Number         0  memseta.o ABSOLUTE
    ../clib/microlib/stubs.s                 0x00000000   Number         0  iusefp.o ABSOLUTE
    ../fplib/microlib/d2f.c                  0x00000000   Number         0  d2f.o ABSOLUTE
    ../fplib/microlib/f2d.c                  0x00000000   Number         0  f2d.o ABSOLUTE
    ../fplib/microlib/fpadd.c                0x00000000   Number         0  fadd.o ABSOLUTE
    ../fplib/microlib/fpadd.c                0x00000000   Number         0  dadd.o ABSOLUTE
    ../fplib/microlib/fpdiv.c                0x00000000   Number         0  fdiv.o ABSOLUTE
    ../fplib/microlib/fpdiv.c                0x00000000   Number         0  ddiv.o ABSOLUTE
    ../fplib/microlib/fpepilogue.c           0x00000000   Number         0  fepilogue.o ABSOLUTE
    ../fplib/microlib/fpepilogue.c           0x00000000   Number         0  depilogue.o ABSOLUTE
    ../fplib/microlib/fpfix.c                0x00000000   Number         0  ffixi.o ABSOLUTE
    ../fplib/microlib/fpfix.c                0x00000000   Number         0  ffixui.o ABSOLUTE
    ../fplib/microlib/fpfix.c                0x00000000   Number         0  dfixul.o ABSOLUTE
    ../fplib/microlib/fpflt.c                0x00000000   Number         0  fflti.o ABSOLUTE
    ../fplib/microlib/fpflt.c                0x00000000   Number         0  ffltui.o ABSOLUTE
    ../fplib/microlib/fpmul.c                0x00000000   Number         0  fmul.o ABSOLUTE
    ../fplib/microlib/fpmul.c                0x00000000   Number         0  dmul.o ABSOLUTE
    ../fplib/microlib/fpscalb.c              0x00000000   Number         0  fscalb.o ABSOLUTE
    ../fplib/microlib/fpscalb.c              0x00000000   Number         0  dscalb.o ABSOLUTE
    ../fplib/microlib/fpsqrt.c               0x00000000   Number         0  dsqrt.o ABSOLUTE
    ../mathlib/asin.c                        0x00000000   Number         0  asin_x.o ABSOLUTE
    ../mathlib/asin.c                        0x00000000   Number         0  asin.o ABSOLUTE
    ../mathlib/atan.c                        0x00000000   Number         0  atan_x.o ABSOLUTE
    ../mathlib/atan.c                        0x00000000   Number         0  atan.o ABSOLUTE
    ../mathlib/atan2.c                       0x00000000   Number         0  atan2.o ABSOLUTE
    ../mathlib/atan2.c                       0x00000000   Number         0  atan2_x.o ABSOLUTE
    ../mathlib/dunder.c                      0x00000000   Number         0  dunder.o ABSOLUTE
    ../mathlib/fabsf.c                       0x00000000   Number         0  fabsfc99.o ABSOLUTE
    ../mathlib/fpclassify.c                  0x00000000   Number         0  fpclassify.o ABSOLUTE
    ../mathlib/poly.c                        0x00000000   Number         0  poly.o ABSOLUTE
    ../mathlib/qnan.c                        0x00000000   Number         0  qnan.o ABSOLUTE
    ../mathlib/sqrt.c                        0x00000000   Number         0  sqrt_x.o ABSOLUTE
    ../mathlib/sqrt.c                        0x00000000   Number         0  sqrt.o ABSOLUTE
    ..\Drivers\STM32F1xx_HAL_Driver\Src\stm32f1xx_hal.c 0x00000000   Number         0  stm32f1xx_hal.o ABSOLUTE
    ..\Drivers\STM32F1xx_HAL_Driver\Src\stm32f1xx_hal_cortex.c 0x00000000   Number         0  stm32f1xx_hal_cortex.o ABSOLUTE
    ..\Drivers\STM32F1xx_HAL_Driver\Src\stm32f1xx_hal_dma.c 0x00000000   Number         0  stm32f1xx_hal_dma.o ABSOLUTE
    ..\Drivers\STM32F1xx_HAL_Driver\Src\stm32f1xx_hal_exti.c 0x00000000   Number         0  stm32f1xx_hal_exti.o ABSOLUTE
    ..\Drivers\STM32F1xx_HAL_Driver\Src\stm32f1xx_hal_flash.c 0x00000000   Number         0  stm32f1xx_hal_flash.o ABSOLUTE
    ..\Drivers\STM32F1xx_HAL_Driver\Src\stm32f1xx_hal_flash_ex.c 0x00000000   Number         0  stm32f1xx_hal_flash_ex.o ABSOLUTE
    ..\Drivers\STM32F1xx_HAL_Driver\Src\stm32f1xx_hal_gpio.c 0x00000000   Number         0  stm32f1xx_hal_gpio.o ABSOLUTE
    ..\Drivers\STM32F1xx_HAL_Driver\Src\stm32f1xx_hal_gpio_ex.c 0x00000000   Number         0  stm32f1xx_hal_gpio_ex.o ABSOLUTE
    ..\Drivers\STM32F1xx_HAL_Driver\Src\stm32f1xx_hal_i2c.c 0x00000000   Number         0  stm32f1xx_hal_i2c.o ABSOLUTE
    ..\Drivers\STM32F1xx_HAL_Driver\Src\stm32f1xx_hal_pwr.c 0x00000000   Number         0  stm32f1xx_hal_pwr.o ABSOLUTE
    ..\Drivers\STM32F1xx_HAL_Driver\Src\stm32f1xx_hal_rcc.c 0x00000000   Number         0  stm32f1xx_hal_rcc.o ABSOLUTE
    ..\Drivers\STM32F1xx_HAL_Driver\Src\stm32f1xx_hal_rcc_ex.c 0x00000000   Number         0  stm32f1xx_hal_rcc_ex.o ABSOLUTE
    ..\Drivers\STM32F1xx_HAL_Driver\Src\stm32f1xx_hal_tim.c 0x00000000   Number         0  stm32f1xx_hal_tim.o ABSOLUTE
    ..\Drivers\STM32F1xx_HAL_Driver\Src\stm32f1xx_hal_tim_ex.c 0x00000000   Number         0  stm32f1xx_hal_tim_ex.o ABSOLUTE
    ..\Drivers\STM32F1xx_HAL_Driver\Src\stm32f1xx_hal_uart.c 0x00000000   Number         0  stm32f1xx_hal_uart.o ABSOLUTE
    ..\Src\IIC.c                             0x00000000   Number         0  iic.o ABSOLUTE
    ..\Src\Mpu6050.c                         0x00000000   Number         0  mpu6050.o ABSOLUTE
    ..\Src\gpio.c                            0x00000000   Number         0  gpio.o ABSOLUTE
    ..\Src\i2c.c                             0x00000000   Number         0  i2c.o ABSOLUTE
    ..\Src\inv_mpu.c                         0x00000000   Number         0  inv_mpu.o ABSOLUTE
    ..\Src\inv_mpu_dmp_motion_driver.c       0x00000000   Number         0  inv_mpu_dmp_motion_driver.o ABSOLUTE
    ..\Src\main.c                            0x00000000   Number         0  main.o ABSOLUTE
    ..\Src\stm32f1xx_hal_msp.c               0x00000000   Number         0  stm32f1xx_hal_msp.o ABSOLUTE
    ..\Src\stm32f1xx_it.c                    0x00000000   Number         0  stm32f1xx_it.o ABSOLUTE
    ..\Src\system_stm32f1xx.c                0x00000000   Number         0  system_stm32f1xx.o ABSOLUTE
    ..\Src\usart.c                           0x00000000   Number         0  usart.o ABSOLUTE
    ..\\Src\\IIC.c                           0x00000000   Number         0  iic.o ABSOLUTE
    ..\\Src\\Mpu6050.c                       0x00000000   Number         0  mpu6050.o ABSOLUTE
    ..\\Src\\inv_mpu.c                       0x00000000   Number         0  inv_mpu.o ABSOLUTE
    ..\\Src\\inv_mpu_dmp_motion_driver.c     0x00000000   Number         0  inv_mpu_dmp_motion_driver.o ABSOLUTE
    cdcmple.s                                0x00000000   Number         0  cdcmple.o ABSOLUTE
    cdrcmple.s                               0x00000000   Number         0  cdrcmple.o ABSOLUTE
    dc.s                                     0x00000000   Number         0  dc.o ABSOLUTE
    handlers.s                               0x00000000   Number         0  handlers.o ABSOLUTE
    init.s                                   0x00000000   Number         0  init.o ABSOLUTE
    startup_stm32f103xe.s                    0x00000000   Number         0  startup_stm32f103xe.o ABSOLUTE
    RESET                                    0x08000000   Section      304  startup_stm32f103xe.o(RESET)
    .ARM.Collect$$$$00000000                 0x08000130   Section        0  entry.o(.ARM.Collect$$$$00000000)
    .ARM.Collect$$$$00000001                 0x08000130   Section        4  entry2.o(.ARM.Collect$$$$00000001)
    .ARM.Collect$$$$00000004                 0x08000134   Section        4  entry5.o(.ARM.Collect$$$$00000004)
    .ARM.Collect$$$$00000008                 0x08000138   Section        0  entry7b.o(.ARM.Collect$$$$00000008)
    .ARM.Collect$$$$0000000A                 0x08000138   Section        0  entry8b.o(.ARM.Collect$$$$0000000A)
    .ARM.Collect$$$$0000000B                 0x08000138   Section        8  entry9a.o(.ARM.Collect$$$$0000000B)
    .ARM.Collect$$$$0000000D                 0x08000140   Section        0  entry10a.o(.ARM.Collect$$$$0000000D)
    .ARM.Collect$$$$0000000F                 0x08000140   Section        0  entry11a.o(.ARM.Collect$$$$0000000F)
    .ARM.Collect$$$$00002712                 0x08000140   Section        4  entry2.o(.ARM.Collect$$$$00002712)
    __lit__00000000                          0x08000140   Data           4  entry2.o(.ARM.Collect$$$$00002712)
    .text                                    0x08000144   Section       36  startup_stm32f103xe.o(.text)
    .text                                    0x08000168   Section        0  ldiv.o(.text)
    .text                                    0x080001ca   Section        0  llushr.o(.text)
    .text                                    0x080001ea   Section        0  memseta.o(.text)
    .text                                    0x0800020e   Section        0  memcmp.o(.text)
    .text                                    0x08000228   Section        0  fadd.o(.text)
    .text                                    0x080002d8   Section        0  fmul.o(.text)
    .text                                    0x0800033c   Section        0  fdiv.o(.text)
    .text                                    0x080003b8   Section        0  fscalb.o(.text)
    .text                                    0x080003d0   Section        0  dadd.o(.text)
    .text                                    0x0800051e   Section        0  dmul.o(.text)
    .text                                    0x08000602   Section        0  fflti.o(.text)
    .text                                    0x08000614   Section        0  ffltui.o(.text)
    .text                                    0x0800061e   Section        0  ffixi.o(.text)
    .text                                    0x08000650   Section        0  ffixui.o(.text)
    .text                                    0x08000678   Section        0  f2d.o(.text)
    .text                                    0x0800069e   Section        0  d2f.o(.text)
    .text                                    0x080006d6   Section        0  uidiv.o(.text)
    .text                                    0x08000702   Section        0  uldiv.o(.text)
    .text                                    0x08000764   Section        0  llshl.o(.text)
    .text                                    0x08000782   Section        0  llsshr.o(.text)
    .text                                    0x080007a6   Section        0  fepilogue.o(.text)
    .text                                    0x080007a6   Section        0  iusefp.o(.text)
    .text                                    0x08000814   Section        0  depilogue.o(.text)
    .text                                    0x080008ce   Section        0  ddiv.o(.text)
    .text                                    0x080009ac   Section        0  dscalb.o(.text)
    .text                                    0x080009da   Section        0  dfixul.o(.text)
    .text                                    0x08000a0c   Section       48  cdrcmple.o(.text)
    .text                                    0x08000a3c   Section       36  init.o(.text)
    .text                                    0x08000a60   Section        0  dsqrt.o(.text)
    i.BusFault_Handler                       0x08000b02   Section        0  stm32f1xx_it.o(i.BusFault_Handler)
    i.DMP_Init                               0x08000b04   Section        0  mpu6050.o(i.DMP_Init)
    i.DebugMon_Handler                       0x08000bbc   Section        0  stm32f1xx_it.o(i.DebugMon_Handler)
    i.Error_Handler                          0x08000bbe   Section        0  main.o(i.Error_Handler)
    i.HAL_Delay                              0x08000bc0   Section        0  stm32f1xx_hal.o(i.HAL_Delay)
    i.HAL_GPIO_Init                          0x08000be4   Section        0  stm32f1xx_hal_gpio.o(i.HAL_GPIO_Init)
    i.HAL_GetTick                            0x08000ddc   Section        0  stm32f1xx_hal.o(i.HAL_GetTick)
    i.HAL_I2C_Init                           0x08000de8   Section        0  stm32f1xx_hal_i2c.o(i.HAL_I2C_Init)
    i.HAL_I2C_Mem_Read                       0x08000f5c   Section        0  stm32f1xx_hal_i2c.o(i.HAL_I2C_Mem_Read)
    i.HAL_I2C_Mem_Write                      0x0800117c   Section        0  stm32f1xx_hal_i2c.o(i.HAL_I2C_Mem_Write)
    i.HAL_I2C_MspInit                        0x080012ac   Section        0  i2c.o(i.HAL_I2C_MspInit)
    i.HAL_IncTick                            0x08001308   Section        0  stm32f1xx_hal.o(i.HAL_IncTick)
    i.HAL_Init                               0x08001318   Section        0  stm32f1xx_hal.o(i.HAL_Init)
    i.HAL_InitTick                           0x0800133c   Section        0  stm32f1xx_hal.o(i.HAL_InitTick)
    i.HAL_MspInit                            0x0800137c   Section        0  stm32f1xx_hal_msp.o(i.HAL_MspInit)
    i.HAL_NVIC_SetPriority                   0x080013b8   Section        0  stm32f1xx_hal_cortex.o(i.HAL_NVIC_SetPriority)
    i.HAL_NVIC_SetPriorityGrouping           0x080013f8   Section        0  stm32f1xx_hal_cortex.o(i.HAL_NVIC_SetPriorityGrouping)
    i.HAL_RCC_ClockConfig                    0x0800141c   Section        0  stm32f1xx_hal_rcc.o(i.HAL_RCC_ClockConfig)
    i.HAL_RCC_GetPCLK1Freq                   0x08001548   Section        0  stm32f1xx_hal_rcc.o(i.HAL_RCC_GetPCLK1Freq)
    i.HAL_RCC_GetPCLK2Freq                   0x08001568   Section        0  stm32f1xx_hal_rcc.o(i.HAL_RCC_GetPCLK2Freq)
    i.HAL_RCC_GetSysClockFreq                0x08001588   Section        0  stm32f1xx_hal_rcc.o(i.HAL_RCC_GetSysClockFreq)
    i.HAL_RCC_OscConfig                      0x080015f4   Section        0  stm32f1xx_hal_rcc.o(i.HAL_RCC_OscConfig)
    i.HAL_SYSTICK_Config                     0x08001914   Section        0  stm32f1xx_hal_cortex.o(i.HAL_SYSTICK_Config)
    i.HAL_UART_Init                          0x0800193c   Section        0  stm32f1xx_hal_uart.o(i.HAL_UART_Init)
    i.HAL_UART_MspInit                       0x080019a0   Section        0  usart.o(i.HAL_UART_MspInit)
    i.HAL_UART_Transmit                      0x08001a10   Section        0  stm32f1xx_hal_uart.o(i.HAL_UART_Transmit)
    i.HardFault_Handler                      0x08001aca   Section        0  stm32f1xx_it.o(i.HardFault_Handler)
    i.I2C_IsAcknowledgeFailed                0x08001acc   Section        0  stm32f1xx_hal_i2c.o(i.I2C_IsAcknowledgeFailed)
    I2C_IsAcknowledgeFailed                  0x08001acd   Thumb Code    46  stm32f1xx_hal_i2c.o(i.I2C_IsAcknowledgeFailed)
    i.I2C_RequestMemoryRead                  0x08001afa   Section        0  stm32f1xx_hal_i2c.o(i.I2C_RequestMemoryRead)
    I2C_RequestMemoryRead                    0x08001afb   Thumb Code   230  stm32f1xx_hal_i2c.o(i.I2C_RequestMemoryRead)
    i.I2C_RequestMemoryWrite                 0x08001be0   Section        0  stm32f1xx_hal_i2c.o(i.I2C_RequestMemoryWrite)
    I2C_RequestMemoryWrite                   0x08001be1   Thumb Code   144  stm32f1xx_hal_i2c.o(i.I2C_RequestMemoryWrite)
    i.I2C_WaitOnBTFFlagUntilTimeout          0x08001c74   Section        0  stm32f1xx_hal_i2c.o(i.I2C_WaitOnBTFFlagUntilTimeout)
    I2C_WaitOnBTFFlagUntilTimeout            0x08001c75   Thumb Code    76  stm32f1xx_hal_i2c.o(i.I2C_WaitOnBTFFlagUntilTimeout)
    i.I2C_WaitOnFlagUntilTimeout             0x08001cc0   Section        0  stm32f1xx_hal_i2c.o(i.I2C_WaitOnFlagUntilTimeout)
    I2C_WaitOnFlagUntilTimeout               0x08001cc1   Thumb Code   104  stm32f1xx_hal_i2c.o(i.I2C_WaitOnFlagUntilTimeout)
    i.I2C_WaitOnMasterAddressFlagUntilTimeout 0x08001d28   Section        0  stm32f1xx_hal_i2c.o(i.I2C_WaitOnMasterAddressFlagUntilTimeout)
    I2C_WaitOnMasterAddressFlagUntilTimeout  0x08001d29   Thumb Code   150  stm32f1xx_hal_i2c.o(i.I2C_WaitOnMasterAddressFlagUntilTimeout)
    i.I2C_WaitOnRXNEFlagUntilTimeout         0x08001dbe   Section        0  stm32f1xx_hal_i2c.o(i.I2C_WaitOnRXNEFlagUntilTimeout)
    I2C_WaitOnRXNEFlagUntilTimeout           0x08001dbf   Thumb Code   102  stm32f1xx_hal_i2c.o(i.I2C_WaitOnRXNEFlagUntilTimeout)
    i.I2C_WaitOnTXEFlagUntilTimeout          0x08001e24   Section        0  stm32f1xx_hal_i2c.o(i.I2C_WaitOnTXEFlagUntilTimeout)
    I2C_WaitOnTXEFlagUntilTimeout            0x08001e25   Thumb Code    76  stm32f1xx_hal_i2c.o(i.I2C_WaitOnTXEFlagUntilTimeout)
    i.IIC_ReadByte                           0x08001e70   Section        0  iic.o(i.IIC_ReadByte)
    i.IIC_ReadBytes                          0x08001e90   Section        0  iic.o(i.IIC_ReadBytes)
    i.IIC_WriteBits                          0x08001eb0   Section        0  iic.o(i.IIC_WriteBits)
    i.IIC_WriteByte                          0x08001f04   Section        0  iic.o(i.IIC_WriteByte)
    i.IIC_WriteBytes                         0x08001f28   Section        0  iic.o(i.IIC_WriteBytes)
    i.IICwriteBit                            0x08001f48   Section        0  iic.o(i.IICwriteBit)
    i.MPU6050_initialize                     0x08001f7a   Section        0  mpu6050.o(i.MPU6050_initialize)
    i.MPU6050_setClockSource                 0x08001fa4   Section        0  mpu6050.o(i.MPU6050_setClockSource)
    i.MPU6050_setFullScaleAccelRange         0x08001fb6   Section        0  mpu6050.o(i.MPU6050_setFullScaleAccelRange)
    i.MPU6050_setFullScaleGyroRange          0x08001fc8   Section        0  mpu6050.o(i.MPU6050_setFullScaleGyroRange)
    i.MPU6050_setI2CBypassEnabled            0x08001fda   Section        0  mpu6050.o(i.MPU6050_setI2CBypassEnabled)
    i.MPU6050_setI2CMasterModeEnabled        0x08001fe6   Section        0  mpu6050.o(i.MPU6050_setI2CMasterModeEnabled)
    i.MPU6050_setSleepEnabled                0x08001ff2   Section        0  mpu6050.o(i.MPU6050_setSleepEnabled)
    i.MX_GPIO_Init                           0x08002000   Section        0  gpio.o(i.MX_GPIO_Init)
    i.MX_I2C1_Init                           0x0800203c   Section        0  i2c.o(i.MX_I2C1_Init)
    i.MX_USART1_UART_Init                    0x0800207c   Section        0  usart.o(i.MX_USART1_UART_Init)
    i.MemManage_Handler                      0x080020b4   Section        0  stm32f1xx_it.o(i.MemManage_Handler)
    i.NMI_Handler                            0x080020b6   Section        0  stm32f1xx_it.o(i.NMI_Handler)
    i.PendSV_Handler                         0x080020b8   Section        0  stm32f1xx_it.o(i.PendSV_Handler)
    i.Read_DMP                               0x080020bc   Section        0  mpu6050.o(i.Read_DMP)
    i.SVC_Handler                            0x080021e8   Section        0  stm32f1xx_it.o(i.SVC_Handler)
    i.SysTick_Handler                        0x080021ea   Section        0  stm32f1xx_it.o(i.SysTick_Handler)
    i.SystemClock_Config                     0x080021ee   Section        0  main.o(i.SystemClock_Config)
    i.SystemInit                             0x0800223c   Section        0  system_stm32f1xx.o(i.SystemInit)
    i.UART_SetConfig                         0x08002284   Section        0  stm32f1xx_hal_uart.o(i.UART_SetConfig)
    UART_SetConfig                           0x08002285   Thumb Code   178  stm32f1xx_hal_uart.o(i.UART_SetConfig)
    i.UART_WaitOnFlagUntilTimeout            0x0800233c   Section        0  stm32f1xx_hal_uart.o(i.UART_WaitOnFlagUntilTimeout)
    UART_WaitOnFlagUntilTimeout              0x0800233d   Thumb Code   100  stm32f1xx_hal_uart.o(i.UART_WaitOnFlagUntilTimeout)
    i.UsageFault_Handler                     0x080023a0   Section        0  stm32f1xx_it.o(i.UsageFault_Handler)
    i.__0printf                              0x080023a4   Section        0  printfa.o(i.__0printf)
    i.__ARM_fpclassify                       0x080023c4   Section        0  fpclassify.o(i.__ARM_fpclassify)
    i.__NVIC_SetPriority                     0x080023ec   Section        0  stm32f1xx_hal_cortex.o(i.__NVIC_SetPriority)
    __NVIC_SetPriority                       0x080023ed   Thumb Code    32  stm32f1xx_hal_cortex.o(i.__NVIC_SetPriority)
    i.__kernel_poly                          0x0800240c   Section        0  poly.o(i.__kernel_poly)
    i.__mathlib_dbl_infnan                   0x080024b6   Section        0  dunder.o(i.__mathlib_dbl_infnan)
    i.__mathlib_dbl_infnan2                  0x080024bc   Section        0  dunder.o(i.__mathlib_dbl_infnan2)
    i.__mathlib_dbl_invalid                  0x080024c0   Section        0  dunder.o(i.__mathlib_dbl_invalid)
    i.__mathlib_dbl_underflow                0x080024cc   Section        0  dunder.o(i.__mathlib_dbl_underflow)
    i.__scatterload_copy                     0x080024dc   Section       14  handlers.o(i.__scatterload_copy)
    i.__scatterload_null                     0x080024ea   Section        2  handlers.o(i.__scatterload_null)
    i.__scatterload_zeroinit                 0x080024ec   Section       14  handlers.o(i.__scatterload_zeroinit)
    i.__set_errno                            0x080024fc   Section        0  errno.o(i.__set_errno)
    i._fp_digits                             0x08002508   Section        0  printfa.o(i._fp_digits)
    _fp_digits                               0x08002509   Thumb Code   366  printfa.o(i._fp_digits)
    i._printf_core                           0x0800268c   Section        0  printfa.o(i._printf_core)
    _printf_core                             0x0800268d   Thumb Code  1744  printfa.o(i._printf_core)
    i._printf_post_padding                   0x08002d68   Section        0  printfa.o(i._printf_post_padding)
    _printf_post_padding                     0x08002d69   Thumb Code    36  printfa.o(i._printf_post_padding)
    i._printf_pre_padding                    0x08002d8c   Section        0  printfa.o(i._printf_pre_padding)
    _printf_pre_padding                      0x08002d8d   Thumb Code    46  printfa.o(i._printf_pre_padding)
    i.accel_self_test                        0x08002dbc   Section        0  inv_mpu.o(i.accel_self_test)
    accel_self_test                          0x08002dbd   Thumb Code   122  inv_mpu.o(i.accel_self_test)
    i.asin                                   0x08002e44   Section        0  asin.o(i.asin)
    i.atan                                   0x080030b4   Section        0  atan.o(i.atan)
    i.atan2                                  0x080032d4   Section        0  atan2.o(i.atan2)
    i.dmp_enable_6x_lp_quat                  0x08003454   Section        0  inv_mpu_dmp_motion_driver.o(i.dmp_enable_6x_lp_quat)
    i.dmp_enable_feature                     0x08003490   Section        0  inv_mpu_dmp_motion_driver.o(i.dmp_enable_feature)
    i.dmp_enable_gyro_cal                    0x08003668   Section        0  inv_mpu_dmp_motion_driver.o(i.dmp_enable_gyro_cal)
    i.dmp_enable_lp_quat                     0x080036a4   Section        0  inv_mpu_dmp_motion_driver.o(i.dmp_enable_lp_quat)
    i.dmp_load_motion_driver_firmware        0x080036e0   Section        0  inv_mpu_dmp_motion_driver.o(i.dmp_load_motion_driver_firmware)
    i.dmp_read_fifo                          0x080036f4   Section        0  inv_mpu_dmp_motion_driver.o(i.dmp_read_fifo)
    i.dmp_set_accel_bias                     0x08003838   Section        0  inv_mpu_dmp_motion_driver.o(i.dmp_set_accel_bias)
    i.dmp_set_fifo_rate                      0x08003910   Section        0  inv_mpu_dmp_motion_driver.o(i.dmp_set_fifo_rate)
    i.dmp_set_gyro_bias                      0x08003974   Section        0  inv_mpu_dmp_motion_driver.o(i.dmp_set_gyro_bias)
    i.dmp_set_orientation                    0x08003a40   Section        0  inv_mpu_dmp_motion_driver.o(i.dmp_set_orientation)
    i.dmp_set_shake_reject_thresh            0x08003b4c   Section        0  inv_mpu_dmp_motion_driver.o(i.dmp_set_shake_reject_thresh)
    i.dmp_set_shake_reject_time              0x08003b7c   Section        0  inv_mpu_dmp_motion_driver.o(i.dmp_set_shake_reject_time)
    i.dmp_set_shake_reject_timeout           0x08003b9c   Section        0  inv_mpu_dmp_motion_driver.o(i.dmp_set_shake_reject_timeout)
    i.dmp_set_tap_axes                       0x08003bbc   Section        0  inv_mpu_dmp_motion_driver.o(i.dmp_set_tap_axes)
    i.dmp_set_tap_count                      0x08003bfc   Section        0  inv_mpu_dmp_motion_driver.o(i.dmp_set_tap_count)
    i.dmp_set_tap_thresh                     0x08003c20   Section        0  inv_mpu_dmp_motion_driver.o(i.dmp_set_tap_thresh)
    i.dmp_set_tap_time                       0x08003d48   Section        0  inv_mpu_dmp_motion_driver.o(i.dmp_set_tap_time)
    i.dmp_set_tap_time_multi                 0x08003d68   Section        0  inv_mpu_dmp_motion_driver.o(i.dmp_set_tap_time_multi)
    i.fputc                                  0x08003d88   Section        0  usart.o(i.fputc)
    i.get_accel_prod_shift                   0x08003da0   Section        0  inv_mpu.o(i.get_accel_prod_shift)
    get_accel_prod_shift                     0x08003da1   Thumb Code   158  inv_mpu.o(i.get_accel_prod_shift)
    i.get_st_biases                          0x08003e4c   Section        0  inv_mpu.o(i.get_st_biases)
    get_st_biases                            0x08003e4d   Thumb Code   784  inv_mpu.o(i.get_st_biases)
    i.gyro_self_test                         0x08004160   Section        0  inv_mpu.o(i.gyro_self_test)
    gyro_self_test                           0x08004161   Thumb Code   198  inv_mpu.o(i.gyro_self_test)
    i.inv_row_2_scale                        0x0800423c   Section        0  mpu6050.o(i.inv_row_2_scale)
    inv_row_2_scale                          0x0800423d   Thumb Code    72  mpu6050.o(i.inv_row_2_scale)
    i.main                                   0x08004284   Section        0  main.o(i.main)
    i.mpu_ReadBytes                          0x080042f0   Section        0  iic.o(i.mpu_ReadBytes)
    i.mpu_WriteBytes                         0x080042f8   Section        0  iic.o(i.mpu_WriteBytes)
    i.mpu_configure_fifo                     0x08004300   Section        0  inv_mpu.o(i.mpu_configure_fifo)
    i.mpu_get_accel_fsr                      0x08004354   Section        0  inv_mpu.o(i.mpu_get_accel_fsr)
    i.mpu_get_accel_sens                     0x08004390   Section        0  inv_mpu.o(i.mpu_get_accel_sens)
    i.mpu_get_gyro_fsr                       0x080043d4   Section        0  inv_mpu.o(i.mpu_get_gyro_fsr)
    i.mpu_get_gyro_sens                      0x08004408   Section        0  inv_mpu.o(i.mpu_get_gyro_sens)
    i.mpu_get_lpf                            0x08004448   Section        0  inv_mpu.o(i.mpu_get_lpf)
    i.mpu_get_sample_rate                    0x08004480   Section        0  inv_mpu.o(i.mpu_get_sample_rate)
    i.mpu_init                               0x0800449c   Section        0  inv_mpu.o(i.mpu_init)
    i.mpu_load_firmware                      0x08004624   Section        0  inv_mpu.o(i.mpu_load_firmware)
    i.mpu_lp_accel_mode                      0x080046c4   Section        0  inv_mpu.o(i.mpu_lp_accel_mode)
    i.mpu_read_fifo_stream                   0x0800477c   Section        0  inv_mpu.o(i.mpu_read_fifo_stream)
    i.mpu_read_mem                           0x0800480c   Section        0  inv_mpu.o(i.mpu_read_mem)
    i.mpu_reset_fifo                         0x08004860   Section        0  inv_mpu.o(i.mpu_reset_fifo)
    i.mpu_run_self_test                      0x080049b0   Section        0  inv_mpu.o(i.mpu_run_self_test)
    i.mpu_set_accel_fsr                      0x08004aa0   Section        0  inv_mpu.o(i.mpu_set_accel_fsr)
    i.mpu_set_bypass                         0x08004b08   Section        0  inv_mpu.o(i.mpu_set_bypass)
    i.mpu_set_dmp_state                      0x08004be4   Section        0  inv_mpu.o(i.mpu_set_dmp_state)
    i.mpu_set_gyro_fsr                       0x08004c5c   Section        0  inv_mpu.o(i.mpu_set_gyro_fsr)
    i.mpu_set_int_latched                    0x08004cc8   Section        0  inv_mpu.o(i.mpu_set_int_latched)
    i.mpu_set_lpf                            0x08004d2c   Section        0  inv_mpu.o(i.mpu_set_lpf)
    i.mpu_set_sample_rate                    0x08004d98   Section        0  inv_mpu.o(i.mpu_set_sample_rate)
    i.mpu_set_sensors                        0x08004e18   Section        0  inv_mpu.o(i.mpu_set_sensors)
    i.mpu_write_mem                          0x08004ed0   Section        0  inv_mpu.o(i.mpu_write_mem)
    i.myget_ms                               0x08004f24   Section        0  inv_mpu.o(i.myget_ms)
    i.run_self_test                          0x08004f26   Section        0  mpu6050.o(i.run_self_test)
    run_self_test                            0x08004f27   Thumb Code   122  mpu6050.o(i.run_self_test)
    i.set_int_enable                         0x08004fa0   Section        0  inv_mpu.o(i.set_int_enable)
    set_int_enable                           0x08004fa1   Thumb Code    84  inv_mpu.o(i.set_int_enable)
    i.sqrt                                   0x08004ff8   Section        0  sqrt.o(i.sqrt)
    .constdata                               0x08005044   Section       12  inv_mpu.o(.constdata)
    .constdata                               0x08005050   Section       27  inv_mpu.o(.constdata)
    .constdata                               0x0800506c   Section       40  inv_mpu.o(.constdata)
    .constdata                               0x08005094   Section     3062  inv_mpu_dmp_motion_driver.o(.constdata)
    dmp_memory                               0x08005094   Data        3062  inv_mpu_dmp_motion_driver.o(.constdata)
    .constdata                               0x08005c8a   Section       16  system_stm32f1xx.o(.constdata)
    .constdata                               0x08005c9a   Section        8  system_stm32f1xx.o(.constdata)
    .constdata                               0x08005ca8   Section       80  asin.o(.constdata)
    pS                                       0x08005ca8   Data          48  asin.o(.constdata)
    qS                                       0x08005cd8   Data          32  asin.o(.constdata)
    .constdata                               0x08005cf8   Section      152  atan.o(.constdata)
    atanhi                                   0x08005cf8   Data          32  atan.o(.constdata)
    atanlo                                   0x08005d18   Data          32  atan.o(.constdata)
    aTodd                                    0x08005d38   Data          40  atan.o(.constdata)
    aTeven                                   0x08005d60   Data          48  atan.o(.constdata)
    .constdata                               0x08005d90   Section        8  qnan.o(.constdata)
    .conststring                             0x08005d98   Section       78  inv_mpu.o(.conststring)
    .data                                    0x20000000   Section       44  inv_mpu.o(.data)
    st                                       0x20000000   Data          44  inv_mpu.o(.data)
    .data                                    0x2000002c   Section       49  mpu6050.o(.data)
    gyro_orientation                         0x20000054   Data           9  mpu6050.o(.data)
    .data                                    0x20000060   Section       12  stm32f1xx_hal.o(.data)
    .data                                    0x2000006c   Section        4  system_stm32f1xx.o(.data)
    .data                                    0x20000070   Section        4  stdout.o(.data)
    .data                                    0x20000074   Section        4  errno.o(.data)
    _errno                                   0x20000074   Data           4  errno.o(.data)
    .bss                                     0x20000078   Section       84  i2c.o(.bss)
    .bss                                     0x200000cc   Section       64  usart.o(.bss)
    .bss                                     0x2000010c   Section       16  inv_mpu_dmp_motion_driver.o(.bss)
    dmp                                      0x2000010c   Data          16  inv_mpu_dmp_motion_driver.o(.bss)
    STACK                                    0x20000120   Section     1024  startup_stm32f103xe.o(STACK)

    Global Symbols

    Symbol Name                              Value     Ov Type        Size  Object(Section)

    BuildAttributes$$THM_ISAv4$P$D$K$B$S$PE$A:L22UL41UL21$X:L11$S22US41US21$IEEE1$IW$USESV6$~STKCKD$USESV7$~SHL$OTIME$ROPI$IEEEX$EBA8$MICROLIB$REQ8$PRES8$EABIv2 0x00000000   Number         0  anon$$obj.o ABSOLUTE
    __ARM_use_no_argv                        0x00000000   Number         0  main.o ABSOLUTE
    _printf_a                                0x00000000   Number         0  stubs.o ABSOLUTE
    _printf_c                                0x00000000   Number         0  stubs.o ABSOLUTE
    _printf_charcount                        0x00000000   Number         0  stubs.o ABSOLUTE
    _printf_d                                0x00000000   Number         0  stubs.o ABSOLUTE
    _printf_e                                0x00000000   Number         0  stubs.o ABSOLUTE
    _printf_f                                0x00000000   Number         0  stubs.o ABSOLUTE
    _printf_flags                            0x00000000   Number         0  stubs.o ABSOLUTE
    _printf_fp_dec                           0x00000000   Number         0  stubs.o ABSOLUTE
    _printf_fp_hex                           0x00000000   Number         0  stubs.o ABSOLUTE
    _printf_g                                0x00000000   Number         0  stubs.o ABSOLUTE
    _printf_i                                0x00000000   Number         0  stubs.o ABSOLUTE
    _printf_int_dec                          0x00000000   Number         0  stubs.o ABSOLUTE
    _printf_l                                0x00000000   Number         0  stubs.o ABSOLUTE
    _printf_lc                               0x00000000   Number         0  stubs.o ABSOLUTE
    _printf_ll                               0x00000000   Number         0  stubs.o ABSOLUTE
    _printf_lld                              0x00000000   Number         0  stubs.o ABSOLUTE
    _printf_lli                              0x00000000   Number         0  stubs.o ABSOLUTE
    _printf_llo                              0x00000000   Number         0  stubs.o ABSOLUTE
    _printf_llu                              0x00000000   Number         0  stubs.o ABSOLUTE
    _printf_llx                              0x00000000   Number         0  stubs.o ABSOLUTE
    _printf_longlong_dec                     0x00000000   Number         0  stubs.o ABSOLUTE
    _printf_longlong_hex                     0x00000000   Number         0  stubs.o ABSOLUTE
    _printf_longlong_oct                     0x00000000   Number         0  stubs.o ABSOLUTE
    _printf_ls                               0x00000000   Number         0  stubs.o ABSOLUTE
    _printf_mbtowc                           0x00000000   Number         0  stubs.o ABSOLUTE
    _printf_n                                0x00000000   Number         0  stubs.o ABSOLUTE
    _printf_o                                0x00000000   Number         0  stubs.o ABSOLUTE
    _printf_p                                0x00000000   Number         0  stubs.o ABSOLUTE
    _printf_percent                          0x00000000   Number         0  stubs.o ABSOLUTE
    _printf_pre_padding                      0x00000000   Number         0  stubs.o ABSOLUTE
    _printf_return_value                     0x00000000   Number         0  stubs.o ABSOLUTE
    _printf_s                                0x00000000   Number         0  stubs.o ABSOLUTE
    _printf_sizespec                         0x00000000   Number         0  stubs.o ABSOLUTE
    _printf_str                              0x00000000   Number         0  stubs.o ABSOLUTE
    _printf_truncate_signed                  0x00000000   Number         0  stubs.o ABSOLUTE
    _printf_truncate_unsigned                0x00000000   Number         0  stubs.o ABSOLUTE
    _printf_u                                0x00000000   Number         0  stubs.o ABSOLUTE
    _printf_wc                               0x00000000   Number         0  stubs.o ABSOLUTE
    _printf_wctomb                           0x00000000   Number         0  stubs.o ABSOLUTE
    _printf_widthprec                        0x00000000   Number         0  stubs.o ABSOLUTE
    _printf_x                                0x00000000   Number         0  stubs.o ABSOLUTE
    __cpp_initialize__aeabi_                  - Undefined Weak Reference
    __cxa_finalize                            - Undefined Weak Reference
    __decompress                              - Undefined Weak Reference
    _clock_init                               - Undefined Weak Reference
    _microlib_exit                            - Undefined Weak Reference
    __Vectors_Size                           0x00000130   Number         0  startup_stm32f103xe.o ABSOLUTE
    __Vectors                                0x08000000   Data           4  startup_stm32f103xe.o(RESET)
    __Vectors_End                            0x08000130   Data           0  startup_stm32f103xe.o(RESET)
    __main                                   0x08000131   Thumb Code     0  entry.o(.ARM.Collect$$$$00000000)
    _main_stk                                0x08000131   Thumb Code     0  entry2.o(.ARM.Collect$$$$00000001)
    _main_scatterload                        0x08000135   Thumb Code     0  entry5.o(.ARM.Collect$$$$00000004)
    __main_after_scatterload                 0x08000139   Thumb Code     0  entry5.o(.ARM.Collect$$$$00000004)
    _main_clock                              0x08000139   Thumb Code     0  entry7b.o(.ARM.Collect$$$$00000008)
    _main_cpp_init                           0x08000139   Thumb Code     0  entry8b.o(.ARM.Collect$$$$0000000A)
    _main_init                               0x08000139   Thumb Code     0  entry9a.o(.ARM.Collect$$$$0000000B)
    __rt_final_cpp                           0x08000141   Thumb Code     0  entry10a.o(.ARM.Collect$$$$0000000D)
    __rt_final_exit                          0x08000141   Thumb Code     0  entry11a.o(.ARM.Collect$$$$0000000F)
    Reset_Handler                            0x08000145   Thumb Code     8  startup_stm32f103xe.o(.text)
    ADC1_2_IRQHandler                        0x0800015f   Thumb Code     0  startup_stm32f103xe.o(.text)
    ADC3_IRQHandler                          0x0800015f   Thumb Code     0  startup_stm32f103xe.o(.text)
    CAN1_RX1_IRQHandler                      0x0800015f   Thumb Code     0  startup_stm32f103xe.o(.text)
    CAN1_SCE_IRQHandler                      0x0800015f   Thumb Code     0  startup_stm32f103xe.o(.text)
    DMA1_Channel1_IRQHandler                 0x0800015f   Thumb Code     0  startup_stm32f103xe.o(.text)
    DMA1_Channel2_IRQHandler                 0x0800015f   Thumb Code     0  startup_stm32f103xe.o(.text)
    DMA1_Channel3_IRQHandler                 0x0800015f   Thumb Code     0  startup_stm32f103xe.o(.text)
    DMA1_Channel4_IRQHandler                 0x0800015f   Thumb Code     0  startup_stm32f103xe.o(.text)
    DMA1_Channel5_IRQHandler                 0x0800015f   Thumb Code     0  startup_stm32f103xe.o(.text)
    DMA1_Channel6_IRQHandler                 0x0800015f   Thumb Code     0  startup_stm32f103xe.o(.text)
    DMA1_Channel7_IRQHandler                 0x0800015f   Thumb Code     0  startup_stm32f103xe.o(.text)
    DMA2_Channel1_IRQHandler                 0x0800015f   Thumb Code     0  startup_stm32f103xe.o(.text)
    DMA2_Channel2_IRQHandler                 0x0800015f   Thumb Code     0  startup_stm32f103xe.o(.text)
    DMA2_Channel3_IRQHandler                 0x0800015f   Thumb Code     0  startup_stm32f103xe.o(.text)
    DMA2_Channel4_5_IRQHandler               0x0800015f   Thumb Code     0  startup_stm32f103xe.o(.text)
    EXTI0_IRQHandler                         0x0800015f   Thumb Code     0  startup_stm32f103xe.o(.text)
    EXTI15_10_IRQHandler                     0x0800015f   Thumb Code     0  startup_stm32f103xe.o(.text)
    EXTI1_IRQHandler                         0x0800015f   Thumb Code     0  startup_stm32f103xe.o(.text)
    EXTI2_IRQHandler                         0x0800015f   Thumb Code     0  startup_stm32f103xe.o(.text)
    EXTI3_IRQHandler                         0x0800015f   Thumb Code     0  startup_stm32f103xe.o(.text)
    EXTI4_IRQHandler                         0x0800015f   Thumb Code     0  startup_stm32f103xe.o(.text)
    EXTI9_5_IRQHandler                       0x0800015f   Thumb Code     0  startup_stm32f103xe.o(.text)
    FLASH_IRQHandler                         0x0800015f   Thumb Code     0  startup_stm32f103xe.o(.text)
    FSMC_IRQHandler                          0x0800015f   Thumb Code     0  startup_stm32f103xe.o(.text)
    I2C1_ER_IRQHandler                       0x0800015f   Thumb Code     0  startup_stm32f103xe.o(.text)
    I2C1_EV_IRQHandler                       0x0800015f   Thumb Code     0  startup_stm32f103xe.o(.text)
    I2C2_ER_IRQHandler                       0x0800015f   Thumb Code     0  startup_stm32f103xe.o(.text)
    I2C2_EV_IRQHandler                       0x0800015f   Thumb Code     0  startup_stm32f103xe.o(.text)
    PVD_IRQHandler                           0x0800015f   Thumb Code     0  startup_stm32f103xe.o(.text)
    RCC_IRQHandler                           0x0800015f   Thumb Code     0  startup_stm32f103xe.o(.text)
    RTC_Alarm_IRQHandler                     0x0800015f   Thumb Code     0  startup_stm32f103xe.o(.text)
    RTC_IRQHandler                           0x0800015f   Thumb Code     0  startup_stm32f103xe.o(.text)
    SDIO_IRQHandler                          0x0800015f   Thumb Code     0  startup_stm32f103xe.o(.text)
    SPI1_IRQHandler                          0x0800015f   Thumb Code     0  startup_stm32f103xe.o(.text)
    SPI2_IRQHandler                          0x0800015f   Thumb Code     0  startup_stm32f103xe.o(.text)
    SPI3_IRQHandler                          0x0800015f   Thumb Code     0  startup_stm32f103xe.o(.text)
    TAMPER_IRQHandler                        0x0800015f   Thumb Code     0  startup_stm32f103xe.o(.text)
    TIM1_BRK_IRQHandler                      0x0800015f   Thumb Code     0  startup_stm32f103xe.o(.text)
    TIM1_CC_IRQHandler                       0x0800015f   Thumb Code     0  startup_stm32f103xe.o(.text)
    TIM1_TRG_COM_IRQHandler                  0x0800015f   Thumb Code     0  startup_stm32f103xe.o(.text)
    TIM1_UP_IRQHandler                       0x0800015f   Thumb Code     0  startup_stm32f103xe.o(.text)
    TIM2_IRQHandler                          0x0800015f   Thumb Code     0  startup_stm32f103xe.o(.text)
    TIM3_IRQHandler                          0x0800015f   Thumb Code     0  startup_stm32f103xe.o(.text)
    TIM4_IRQHandler                          0x0800015f   Thumb Code     0  startup_stm32f103xe.o(.text)
    TIM5_IRQHandler                          0x0800015f   Thumb Code     0  startup_stm32f103xe.o(.text)
    TIM6_IRQHandler                          0x0800015f   Thumb Code     0  startup_stm32f103xe.o(.text)
    TIM7_IRQHandler                          0x0800015f   Thumb Code     0  startup_stm32f103xe.o(.text)
    TIM8_BRK_IRQHandler                      0x0800015f   Thumb Code     0  startup_stm32f103xe.o(.text)
    TIM8_CC_IRQHandler                       0x0800015f   Thumb Code     0  startup_stm32f103xe.o(.text)
    TIM8_TRG_COM_IRQHandler                  0x0800015f   Thumb Code     0  startup_stm32f103xe.o(.text)
    TIM8_UP_IRQHandler                       0x0800015f   Thumb Code     0  startup_stm32f103xe.o(.text)
    UART4_IRQHandler                         0x0800015f   Thumb Code     0  startup_stm32f103xe.o(.text)
    UART5_IRQHandler                         0x0800015f   Thumb Code     0  startup_stm32f103xe.o(.text)
    USART1_IRQHandler                        0x0800015f   Thumb Code     0  startup_stm32f103xe.o(.text)
    USART2_IRQHandler                        0x0800015f   Thumb Code     0  startup_stm32f103xe.o(.text)
    USART3_IRQHandler                        0x0800015f   Thumb Code     0  startup_stm32f103xe.o(.text)
    USBWakeUp_IRQHandler                     0x0800015f   Thumb Code     0  startup_stm32f103xe.o(.text)
    USB_HP_CAN1_TX_IRQHandler                0x0800015f   Thumb Code     0  startup_stm32f103xe.o(.text)
    USB_LP_CAN1_RX0_IRQHandler               0x0800015f   Thumb Code     0  startup_stm32f103xe.o(.text)
    WWDG_IRQHandler                          0x0800015f   Thumb Code     0  startup_stm32f103xe.o(.text)
    __aeabi_ldivmod                          0x08000169   Thumb Code    98  ldiv.o(.text)
    __aeabi_llsr                             0x080001cb   Thumb Code    32  llushr.o(.text)
    _ll_ushift_r                             0x080001cb   Thumb Code     0  llushr.o(.text)
    __aeabi_memset                           0x080001eb   Thumb Code    14  memseta.o(.text)
    __aeabi_memset4                          0x080001eb   Thumb Code     0  memseta.o(.text)
    __aeabi_memset8                          0x080001eb   Thumb Code     0  memseta.o(.text)
    __aeabi_memclr                           0x080001f9   Thumb Code     4  memseta.o(.text)
    __aeabi_memclr4                          0x080001f9   Thumb Code     0  memseta.o(.text)
    __aeabi_memclr8                          0x080001f9   Thumb Code     0  memseta.o(.text)
    _memset$wrapper                          0x080001fd   Thumb Code    18  memseta.o(.text)
    memcmp                                   0x0800020f   Thumb Code    26  memcmp.o(.text)
    __aeabi_fadd                             0x08000229   Thumb Code   164  fadd.o(.text)
    __aeabi_fsub                             0x080002cd   Thumb Code     6  fadd.o(.text)
    __aeabi_frsub                            0x080002d3   Thumb Code     6  fadd.o(.text)
    __aeabi_fmul                             0x080002d9   Thumb Code   100  fmul.o(.text)
    __aeabi_fdiv                             0x0800033d   Thumb Code   124  fdiv.o(.text)
    __ARM_scalbnf                            0x080003b9   Thumb Code    24  fscalb.o(.text)
    scalbnf                                  0x080003b9   Thumb Code     0  fscalb.o(.text)
    __aeabi_dadd                             0x080003d1   Thumb Code   322  dadd.o(.text)
    __aeabi_dsub                             0x08000513   Thumb Code     6  dadd.o(.text)
    __aeabi_drsub                            0x08000519   Thumb Code     6  dadd.o(.text)
    __aeabi_dmul                             0x0800051f   Thumb Code   228  dmul.o(.text)
    __aeabi_i2f                              0x08000603   Thumb Code    18  fflti.o(.text)
    __aeabi_ui2f                             0x08000615   Thumb Code    10  ffltui.o(.text)
    __aeabi_f2iz                             0x0800061f   Thumb Code    50  ffixi.o(.text)
    __aeabi_f2uiz                            0x08000651   Thumb Code    40  ffixui.o(.text)
    __aeabi_f2d                              0x08000679   Thumb Code    38  f2d.o(.text)
    __aeabi_d2f                              0x0800069f   Thumb Code    56  d2f.o(.text)
    __aeabi_uidiv                            0x080006d7   Thumb Code     0  uidiv.o(.text)
    __aeabi_uidivmod                         0x080006d7   Thumb Code    44  uidiv.o(.text)
    __aeabi_uldivmod                         0x08000703   Thumb Code    98  uldiv.o(.text)
    __aeabi_llsl                             0x08000765   Thumb Code    30  llshl.o(.text)
    _ll_shift_l                              0x08000765   Thumb Code     0  llshl.o(.text)
    __aeabi_lasr                             0x08000783   Thumb Code    36  llsshr.o(.text)
    _ll_sshift_r                             0x08000783   Thumb Code     0  llsshr.o(.text)
    __I$use$fp                               0x080007a7   Thumb Code     0  iusefp.o(.text)
    _float_round                             0x080007a7   Thumb Code    18  fepilogue.o(.text)
    _float_epilogue                          0x080007b9   Thumb Code    92  fepilogue.o(.text)
    _double_round                            0x08000815   Thumb Code    30  depilogue.o(.text)
    _double_epilogue                         0x08000833   Thumb Code   156  depilogue.o(.text)
    __aeabi_ddiv                             0x080008cf   Thumb Code   222  ddiv.o(.text)
    __ARM_scalbn                             0x080009ad   Thumb Code    46  dscalb.o(.text)
    scalbn                                   0x080009ad   Thumb Code     0  dscalb.o(.text)
    __aeabi_d2ulz                            0x080009db   Thumb Code    48  dfixul.o(.text)
    __aeabi_cdrcmple                         0x08000a0d   Thumb Code    48  cdrcmple.o(.text)
    __scatterload                            0x08000a3d   Thumb Code    28  init.o(.text)
    __scatterload_rt2                        0x08000a3d   Thumb Code     0  init.o(.text)
    _dsqrt                                   0x08000a61   Thumb Code   162  dsqrt.o(.text)
    BusFault_Handler                         0x08000b03   Thumb Code     2  stm32f1xx_it.o(i.BusFault_Handler)
    DMP_Init                                 0x08000b05   Thumb Code   172  mpu6050.o(i.DMP_Init)
    DebugMon_Handler                         0x08000bbd   Thumb Code     2  stm32f1xx_it.o(i.DebugMon_Handler)
    Error_Handler                            0x08000bbf   Thumb Code     2  main.o(i.Error_Handler)
    HAL_Delay                                0x08000bc1   Thumb Code    32  stm32f1xx_hal.o(i.HAL_Delay)
    HAL_GPIO_Init                            0x08000be5   Thumb Code   462  stm32f1xx_hal_gpio.o(i.HAL_GPIO_Init)
    HAL_GetTick                              0x08000ddd   Thumb Code     6  stm32f1xx_hal.o(i.HAL_GetTick)
    HAL_I2C_Init                             0x08000de9   Thumb Code   356  stm32f1xx_hal_i2c.o(i.HAL_I2C_Init)
    HAL_I2C_Mem_Read                         0x08000f5d   Thumb Code   530  stm32f1xx_hal_i2c.o(i.HAL_I2C_Mem_Read)
    HAL_I2C_Mem_Write                        0x0800117d   Thumb Code   294  stm32f1xx_hal_i2c.o(i.HAL_I2C_Mem_Write)
    HAL_I2C_MspInit                          0x080012ad   Thumb Code    80  i2c.o(i.HAL_I2C_MspInit)
    HAL_IncTick                              0x08001309   Thumb Code    12  stm32f1xx_hal.o(i.HAL_IncTick)
    HAL_Init                                 0x08001319   Thumb Code    32  stm32f1xx_hal.o(i.HAL_Init)
    HAL_InitTick                             0x0800133d   Thumb Code    54  stm32f1xx_hal.o(i.HAL_InitTick)
    HAL_MspInit                              0x0800137d   Thumb Code    52  stm32f1xx_hal_msp.o(i.HAL_MspInit)
    HAL_NVIC_SetPriority                     0x080013b9   Thumb Code    60  stm32f1xx_hal_cortex.o(i.HAL_NVIC_SetPriority)
    HAL_NVIC_SetPriorityGrouping             0x080013f9   Thumb Code    26  stm32f1xx_hal_cortex.o(i.HAL_NVIC_SetPriorityGrouping)
    HAL_RCC_ClockConfig                      0x0800141d   Thumb Code   280  stm32f1xx_hal_rcc.o(i.HAL_RCC_ClockConfig)
    HAL_RCC_GetPCLK1Freq                     0x08001549   Thumb Code    20  stm32f1xx_hal_rcc.o(i.HAL_RCC_GetPCLK1Freq)
    HAL_RCC_GetPCLK2Freq                     0x08001569   Thumb Code    20  stm32f1xx_hal_rcc.o(i.HAL_RCC_GetPCLK2Freq)
    HAL_RCC_GetSysClockFreq                  0x08001589   Thumb Code    74  stm32f1xx_hal_rcc.o(i.HAL_RCC_GetSysClockFreq)
    HAL_RCC_OscConfig                        0x080015f5   Thumb Code   778  stm32f1xx_hal_rcc.o(i.HAL_RCC_OscConfig)
    HAL_SYSTICK_Config                       0x08001915   Thumb Code    40  stm32f1xx_hal_cortex.o(i.HAL_SYSTICK_Config)
    HAL_UART_Init                            0x0800193d   Thumb Code    98  stm32f1xx_hal_uart.o(i.HAL_UART_Init)
    HAL_UART_MspInit                         0x080019a1   Thumb Code   100  usart.o(i.HAL_UART_MspInit)
    HAL_UART_Transmit                        0x08001a11   Thumb Code   186  stm32f1xx_hal_uart.o(i.HAL_UART_Transmit)
    HardFault_Handler                        0x08001acb   Thumb Code     2  stm32f1xx_it.o(i.HardFault_Handler)
    IIC_ReadByte                             0x08001e71   Thumb Code    28  iic.o(i.IIC_ReadByte)
    IIC_ReadBytes                            0x08001e91   Thumb Code    26  iic.o(i.IIC_ReadBytes)
    IIC_WriteBits                            0x08001eb1   Thumb Code    84  iic.o(i.IIC_WriteBits)
    IIC_WriteByte                            0x08001f05   Thumb Code    30  iic.o(i.IIC_WriteByte)
    IIC_WriteBytes                           0x08001f29   Thumb Code    26  iic.o(i.IIC_WriteBytes)
    IICwriteBit                              0x08001f49   Thumb Code    50  iic.o(i.IICwriteBit)
    MPU6050_initialize                       0x08001f7b   Thumb Code    42  mpu6050.o(i.MPU6050_initialize)
    MPU6050_setClockSource                   0x08001fa5   Thumb Code    18  mpu6050.o(i.MPU6050_setClockSource)
    MPU6050_setFullScaleAccelRange           0x08001fb7   Thumb Code    18  mpu6050.o(i.MPU6050_setFullScaleAccelRange)
    MPU6050_setFullScaleGyroRange            0x08001fc9   Thumb Code    18  mpu6050.o(i.MPU6050_setFullScaleGyroRange)
    MPU6050_setI2CBypassEnabled              0x08001fdb   Thumb Code    12  mpu6050.o(i.MPU6050_setI2CBypassEnabled)
    MPU6050_setI2CMasterModeEnabled          0x08001fe7   Thumb Code    12  mpu6050.o(i.MPU6050_setI2CMasterModeEnabled)
    MPU6050_setSleepEnabled                  0x08001ff3   Thumb Code    12  mpu6050.o(i.MPU6050_setSleepEnabled)
    MX_GPIO_Init                             0x08002001   Thumb Code    54  gpio.o(i.MX_GPIO_Init)
    MX_I2C1_Init                             0x0800203d   Thumb Code    50  i2c.o(i.MX_I2C1_Init)
    MX_USART1_UART_Init                      0x0800207d   Thumb Code    48  usart.o(i.MX_USART1_UART_Init)
    MemManage_Handler                        0x080020b5   Thumb Code     2  stm32f1xx_it.o(i.MemManage_Handler)
    NMI_Handler                              0x080020b7   Thumb Code     2  stm32f1xx_it.o(i.NMI_Handler)
    PendSV_Handler                           0x080020b9   Thumb Code     2  stm32f1xx_it.o(i.PendSV_Handler)
    Read_DMP                                 0x080020bd   Thumb Code   292  mpu6050.o(i.Read_DMP)
    SVC_Handler                              0x080021e9   Thumb Code     2  stm32f1xx_it.o(i.SVC_Handler)
    SysTick_Handler                          0x080021eb   Thumb Code     4  stm32f1xx_it.o(i.SysTick_Handler)
    SystemClock_Config                       0x080021ef   Thumb Code    78  main.o(i.SystemClock_Config)
    SystemInit                               0x0800223d   Thumb Code    56  system_stm32f1xx.o(i.SystemInit)
    UsageFault_Handler                       0x080023a1   Thumb Code     2  stm32f1xx_it.o(i.UsageFault_Handler)
    __0printf                                0x080023a5   Thumb Code    22  printfa.o(i.__0printf)
    __1printf                                0x080023a5   Thumb Code     0  printfa.o(i.__0printf)
    __2printf                                0x080023a5   Thumb Code     0  printfa.o(i.__0printf)
    __c89printf                              0x080023a5   Thumb Code     0  printfa.o(i.__0printf)
    printf                                   0x080023a5   Thumb Code     0  printfa.o(i.__0printf)
    __ARM_fpclassify                         0x080023c5   Thumb Code    40  fpclassify.o(i.__ARM_fpclassify)
    __kernel_poly                            0x0800240d   Thumb Code   170  poly.o(i.__kernel_poly)
    __mathlib_dbl_infnan                     0x080024b7   Thumb Code     6  dunder.o(i.__mathlib_dbl_infnan)
    __mathlib_dbl_infnan2                    0x080024bd   Thumb Code     4  dunder.o(i.__mathlib_dbl_infnan2)
    __mathlib_dbl_invalid                    0x080024c1   Thumb Code    12  dunder.o(i.__mathlib_dbl_invalid)
    __mathlib_dbl_underflow                  0x080024cd   Thumb Code    10  dunder.o(i.__mathlib_dbl_underflow)
    __scatterload_copy                       0x080024dd   Thumb Code    14  handlers.o(i.__scatterload_copy)
    __scatterload_null                       0x080024eb   Thumb Code     2  handlers.o(i.__scatterload_null)
    __scatterload_zeroinit                   0x080024ed   Thumb Code    14  handlers.o(i.__scatterload_zeroinit)
    __set_errno                              0x080024fd   Thumb Code     6  errno.o(i.__set_errno)
    asin                                     0x08002e45   Thumb Code   572  asin.o(i.asin)
    atan                                     0x080030b5   Thumb Code   474  atan.o(i.atan)
    atan2                                    0x080032d5   Thumb Code   346  atan2.o(i.atan2)
    dmp_enable_6x_lp_quat                    0x08003455   Thumb Code    58  inv_mpu_dmp_motion_driver.o(i.dmp_enable_6x_lp_quat)
    dmp_enable_feature                       0x08003491   Thumb Code   464  inv_mpu_dmp_motion_driver.o(i.dmp_enable_feature)
    dmp_enable_gyro_cal                      0x08003669   Thumb Code    34  inv_mpu_dmp_motion_driver.o(i.dmp_enable_gyro_cal)
    dmp_enable_lp_quat                       0x080036a5   Thumb Code    58  inv_mpu_dmp_motion_driver.o(i.dmp_enable_lp_quat)
    dmp_load_motion_driver_firmware          0x080036e1   Thumb Code    16  inv_mpu_dmp_motion_driver.o(i.dmp_load_motion_driver_firmware)
    dmp_read_fifo                            0x080036f5   Thumb Code   320  inv_mpu_dmp_motion_driver.o(i.dmp_read_fifo)
    dmp_set_accel_bias                       0x08003839   Thumb Code   210  inv_mpu_dmp_motion_driver.o(i.dmp_set_accel_bias)
    dmp_set_fifo_rate                        0x08003911   Thumb Code    82  inv_mpu_dmp_motion_driver.o(i.dmp_set_fifo_rate)
    dmp_set_gyro_bias                        0x08003975   Thumb Code   196  inv_mpu_dmp_motion_driver.o(i.dmp_set_gyro_bias)
    dmp_set_orientation                      0x08003a41   Thumb Code   246  inv_mpu_dmp_motion_driver.o(i.dmp_set_orientation)
    dmp_set_shake_reject_thresh              0x08003b4d   Thumb Code    48  inv_mpu_dmp_motion_driver.o(i.dmp_set_shake_reject_thresh)
    dmp_set_shake_reject_time                0x08003b7d   Thumb Code    32  inv_mpu_dmp_motion_driver.o(i.dmp_set_shake_reject_time)
    dmp_set_shake_reject_timeout             0x08003b9d   Thumb Code    32  inv_mpu_dmp_motion_driver.o(i.dmp_set_shake_reject_timeout)
    dmp_set_tap_axes                         0x08003bbd   Thumb Code    64  inv_mpu_dmp_motion_driver.o(i.dmp_set_tap_axes)
    dmp_set_tap_count                        0x08003bfd   Thumb Code    34  inv_mpu_dmp_motion_driver.o(i.dmp_set_tap_count)
    dmp_set_tap_thresh                       0x08003c21   Thumb Code   274  inv_mpu_dmp_motion_driver.o(i.dmp_set_tap_thresh)
    dmp_set_tap_time                         0x08003d49   Thumb Code    32  inv_mpu_dmp_motion_driver.o(i.dmp_set_tap_time)
    dmp_set_tap_time_multi                   0x08003d69   Thumb Code    32  inv_mpu_dmp_motion_driver.o(i.dmp_set_tap_time_multi)
    fputc                                    0x08003d89   Thumb Code    20  usart.o(i.fputc)
    main                                     0x08004285   Thumb Code    76  main.o(i.main)
    mpu_ReadBytes                            0x080042f1   Thumb Code     8  iic.o(i.mpu_ReadBytes)
    mpu_WriteBytes                           0x080042f9   Thumb Code     8  iic.o(i.mpu_WriteBytes)
    mpu_configure_fifo                       0x08004301   Thumb Code    78  inv_mpu.o(i.mpu_configure_fifo)
    mpu_get_accel_fsr                        0x08004355   Thumb Code    54  inv_mpu.o(i.mpu_get_accel_fsr)
    mpu_get_accel_sens                       0x08004391   Thumb Code    62  inv_mpu.o(i.mpu_get_accel_sens)
    mpu_get_gyro_fsr                         0x080043d5   Thumb Code    48  inv_mpu.o(i.mpu_get_gyro_fsr)
    mpu_get_gyro_sens                        0x08004409   Thumb Code    44  inv_mpu.o(i.mpu_get_gyro_sens)
    mpu_get_lpf                              0x08004449   Thumb Code    52  inv_mpu.o(i.mpu_get_lpf)
    mpu_get_sample_rate                      0x08004481   Thumb Code    22  inv_mpu.o(i.mpu_get_sample_rate)
    mpu_init                                 0x0800449d   Thumb Code   310  inv_mpu.o(i.mpu_init)
    mpu_load_firmware                        0x08004625   Thumb Code   154  inv_mpu.o(i.mpu_load_firmware)
    mpu_lp_accel_mode                        0x080046c5   Thumb Code   178  inv_mpu.o(i.mpu_lp_accel_mode)
    mpu_read_fifo_stream                     0x0800477d   Thumb Code   140  inv_mpu.o(i.mpu_read_fifo_stream)
    mpu_read_mem                             0x0800480d   Thumb Code    80  inv_mpu.o(i.mpu_read_mem)
    mpu_reset_fifo                           0x08004861   Thumb Code   330  inv_mpu.o(i.mpu_reset_fifo)
    mpu_run_self_test                        0x080049b1   Thumb Code   234  inv_mpu.o(i.mpu_run_self_test)
    mpu_set_accel_fsr                        0x08004aa1   Thumb Code    98  inv_mpu.o(i.mpu_set_accel_fsr)
    mpu_set_bypass                           0x08004b09   Thumb Code   214  inv_mpu.o(i.mpu_set_bypass)
    mpu_set_dmp_state                        0x08004be5   Thumb Code   114  inv_mpu.o(i.mpu_set_dmp_state)
    mpu_set_gyro_fsr                         0x08004c5d   Thumb Code   104  inv_mpu.o(i.mpu_set_gyro_fsr)
    mpu_set_int_latched                      0x08004cc9   Thumb Code    94  inv_mpu.o(i.mpu_set_int_latched)
    mpu_set_lpf                              0x08004d2d   Thumb Code   102  inv_mpu.o(i.mpu_set_lpf)
    mpu_set_sample_rate                      0x08004d99   Thumb Code   124  inv_mpu.o(i.mpu_set_sample_rate)
    mpu_set_sensors                          0x08004e19   Thumb Code   178  inv_mpu.o(i.mpu_set_sensors)
    mpu_write_mem                            0x08004ed1   Thumb Code    80  inv_mpu.o(i.mpu_write_mem)
    myget_ms                                 0x08004f25   Thumb Code     2  inv_mpu.o(i.myget_ms)
    sqrt                                     0x08004ff9   Thumb Code    76  sqrt.o(i.sqrt)
    hw                                       0x08005044   Data          12  inv_mpu.o(.constdata)
    reg                                      0x08005050   Data          27  inv_mpu.o(.constdata)
    test                                     0x0800506c   Data          40  inv_mpu.o(.constdata)
    AHBPrescTable                            0x08005c8a   Data          16  system_stm32f1xx.o(.constdata)
    APBPrescTable                            0x08005c9a   Data           8  system_stm32f1xx.o(.constdata)
    __mathlib_zero                           0x08005d90   Data           8  qnan.o(.constdata)
    Region$$Table$$Base                      0x08005de8   Number         0  anon$$obj.o(Region$$Table)
    Region$$Table$$Limit                     0x08005e08   Number         0  anon$$obj.o(Region$$Table)
    sensors                                  0x2000002c   Data           2  mpu6050.o(.data)
    q0                                       0x20000030   Data           4  mpu6050.o(.data)
    q1                                       0x20000034   Data           4  mpu6050.o(.data)
    q2                                       0x20000038   Data           4  mpu6050.o(.data)
    q3                                       0x2000003c   Data           4  mpu6050.o(.data)
    Pitch                                    0x20000040   Data           4  mpu6050.o(.data)
    Roll                                     0x20000044   Data           4  mpu6050.o(.data)
    gyro                                     0x20000048   Data           6  mpu6050.o(.data)
    accel                                    0x2000004e   Data           6  mpu6050.o(.data)
    uwTickFreq                               0x20000060   Data           1  stm32f1xx_hal.o(.data)
    uwTickPrio                               0x20000064   Data           4  stm32f1xx_hal.o(.data)
    uwTick                                   0x20000068   Data           4  stm32f1xx_hal.o(.data)
    SystemCoreClock                          0x2000006c   Data           4  system_stm32f1xx.o(.data)
    __stdout                                 0x20000070   Data           4  stdout.o(.data)
    hi2c1                                    0x20000078   Data          84  i2c.o(.bss)
    huart1                                   0x200000cc   Data          64  usart.o(.bss)
    __initial_sp                             0x20000520   Data           0  startup_stm32f103xe.o(STACK)



==============================================================================

Memory Map of the image

  Image Entry point : 0x08000131

  Load Region LR_IROM1 (Base: 0x08000000, Size: 0x00005e80, Max: 0x00040000, ABSOLUTE)

    Execution Region ER_IROM1 (Base: 0x08000000, Size: 0x00005e08, Max: 0x00040000, ABSOLUTE)

    Base Addr    Size         Type   Attr      Idx    E Section Name        Object

    0x08000000   0x00000130   Data   RO            3    RESET               startup_stm32f103xe.o
    0x08000130   0x00000000   Code   RO         2897  * .ARM.Collect$$$$00000000  mc_w.l(entry.o)
    0x08000130   0x00000004   Code   RO         3230    .ARM.Collect$$$$00000001  mc_w.l(entry2.o)
    0x08000134   0x00000004   Code   RO         3233    .ARM.Collect$$$$00000004  mc_w.l(entry5.o)
    0x08000138   0x00000000   Code   RO         3235    .ARM.Collect$$$$00000008  mc_w.l(entry7b.o)
    0x08000138   0x00000000   Code   RO         3237    .ARM.Collect$$$$0000000A  mc_w.l(entry8b.o)
    0x08000138   0x00000008   Code   RO         3238    .ARM.Collect$$$$0000000B  mc_w.l(entry9a.o)
    0x08000140   0x00000000   Code   RO         3240    .ARM.Collect$$$$0000000D  mc_w.l(entry10a.o)
    0x08000140   0x00000000   Code   RO         3242    .ARM.Collect$$$$0000000F  mc_w.l(entry11a.o)
    0x08000140   0x00000004   Code   RO         3231    .ARM.Collect$$$$00002712  mc_w.l(entry2.o)
    0x08000144   0x00000024   Code   RO            4    .text               startup_stm32f103xe.o
    0x08000168   0x00000062   Code   RO         2900    .text               mc_w.l(ldiv.o)
    0x080001ca   0x00000020   Code   RO         2902    .text               mc_w.l(llushr.o)
    0x080001ea   0x00000024   Code   RO         2904    .text               mc_w.l(memseta.o)
    0x0800020e   0x0000001a   Code   RO         2906    .text               mc_w.l(memcmp.o)
    0x08000228   0x000000b0   Code   RO         3169    .text               mf_w.l(fadd.o)
    0x080002d8   0x00000064   Code   RO         3171    .text               mf_w.l(fmul.o)
    0x0800033c   0x0000007c   Code   RO         3173    .text               mf_w.l(fdiv.o)
    0x080003b8   0x00000018   Code   RO         3175    .text               mf_w.l(fscalb.o)
    0x080003d0   0x0000014e   Code   RO         3177    .text               mf_w.l(dadd.o)
    0x0800051e   0x000000e4   Code   RO         3179    .text               mf_w.l(dmul.o)
    0x08000602   0x00000012   Code   RO         3181    .text               mf_w.l(fflti.o)
    0x08000614   0x0000000a   Code   RO         3183    .text               mf_w.l(ffltui.o)
    0x0800061e   0x00000032   Code   RO         3185    .text               mf_w.l(ffixi.o)
    0x08000650   0x00000028   Code   RO         3187    .text               mf_w.l(ffixui.o)
    0x08000678   0x00000026   Code   RO         3189    .text               mf_w.l(f2d.o)
    0x0800069e   0x00000038   Code   RO         3191    .text               mf_w.l(d2f.o)
    0x080006d6   0x0000002c   Code   RO         3245    .text               mc_w.l(uidiv.o)
    0x08000702   0x00000062   Code   RO         3247    .text               mc_w.l(uldiv.o)
    0x08000764   0x0000001e   Code   RO         3249    .text               mc_w.l(llshl.o)
    0x08000782   0x00000024   Code   RO         3251    .text               mc_w.l(llsshr.o)
    0x080007a6   0x00000000   Code   RO         3260    .text               mc_w.l(iusefp.o)
    0x080007a6   0x0000006e   Code   RO         3261    .text               mf_w.l(fepilogue.o)
    0x08000814   0x000000ba   Code   RO         3263    .text               mf_w.l(depilogue.o)
    0x080008ce   0x000000de   Code   RO         3265    .text               mf_w.l(ddiv.o)
    0x080009ac   0x0000002e   Code   RO         3267    .text               mf_w.l(dscalb.o)
    0x080009da   0x00000030   Code   RO         3269    .text               mf_w.l(dfixul.o)
    0x08000a0a   0x00000002   PAD
    0x08000a0c   0x00000030   Code   RO         3271    .text               mf_w.l(cdrcmple.o)
    0x08000a3c   0x00000024   Code   RO         3273    .text               mc_w.l(init.o)
    0x08000a60   0x000000a2   Code   RO         3275    .text               mf_w.l(dsqrt.o)
    0x08000b02   0x00000002   Code   RO          273    i.BusFault_Handler  stm32f1xx_it.o
    0x08000b04   0x000000b8   Code   RO          867    i.DMP_Init          mpu6050.o
    0x08000bbc   0x00000002   Code   RO          274    i.DebugMon_Handler  stm32f1xx_it.o
    0x08000bbe   0x00000002   Code   RO           13    i.Error_Handler     main.o
    0x08000bc0   0x00000024   Code   RO         1510    i.HAL_Delay         stm32f1xx_hal.o
    0x08000be4   0x000001f8   Code   RO         1818    i.HAL_GPIO_Init     stm32f1xx_hal_gpio.o
    0x08000ddc   0x0000000c   Code   RO         1514    i.HAL_GetTick       stm32f1xx_hal.o
    0x08000de8   0x00000174   Code   RO         1092    i.HAL_I2C_Init      stm32f1xx_hal_i2c.o
    0x08000f5c   0x00000220   Code   RO         1110    i.HAL_I2C_Mem_Read  stm32f1xx_hal_i2c.o
    0x0800117c   0x00000130   Code   RO         1113    i.HAL_I2C_Mem_Write  stm32f1xx_hal_i2c.o
    0x080012ac   0x0000005c   Code   RO          174    i.HAL_I2C_MspInit   i2c.o
    0x08001308   0x00000010   Code   RO         1520    i.HAL_IncTick       stm32f1xx_hal.o
    0x08001318   0x00000024   Code   RO         1521    i.HAL_Init          stm32f1xx_hal.o
    0x0800133c   0x00000040   Code   RO         1522    i.HAL_InitTick      stm32f1xx_hal.o
    0x0800137c   0x0000003c   Code   RO          348    i.HAL_MspInit       stm32f1xx_hal_msp.o
    0x080013b8   0x00000040   Code   RO         1984    i.HAL_NVIC_SetPriority  stm32f1xx_hal_cortex.o
    0x080013f8   0x00000024   Code   RO         1985    i.HAL_NVIC_SetPriorityGrouping  stm32f1xx_hal_cortex.o
    0x0800141c   0x0000012c   Code   RO         1678    i.HAL_RCC_ClockConfig  stm32f1xx_hal_rcc.o
    0x08001548   0x00000020   Code   RO         1685    i.HAL_RCC_GetPCLK1Freq  stm32f1xx_hal_rcc.o
    0x08001568   0x00000020   Code   RO         1686    i.HAL_RCC_GetPCLK2Freq  stm32f1xx_hal_rcc.o
    0x08001588   0x0000006c   Code   RO         1687    i.HAL_RCC_GetSysClockFreq  stm32f1xx_hal_rcc.o
    0x080015f4   0x00000320   Code   RO         1690    i.HAL_RCC_OscConfig  stm32f1xx_hal_rcc.o
    0x08001914   0x00000028   Code   RO         1989    i.HAL_SYSTICK_Config  stm32f1xx_hal_cortex.o
    0x0800193c   0x00000062   Code   RO         2539    i.HAL_UART_Init     stm32f1xx_hal_uart.o
    0x0800199e   0x00000002   PAD
    0x080019a0   0x00000070   Code   RO          216    i.HAL_UART_MspInit  usart.o
    0x08001a10   0x000000ba   Code   RO         2547    i.HAL_UART_Transmit  stm32f1xx_hal_uart.o
    0x08001aca   0x00000002   Code   RO          275    i.HardFault_Handler  stm32f1xx_it.o
    0x08001acc   0x0000002e   Code   RO         1134    i.I2C_IsAcknowledgeFailed  stm32f1xx_hal_i2c.o
    0x08001afa   0x000000e6   Code   RO         1143    i.I2C_RequestMemoryRead  stm32f1xx_hal_i2c.o
    0x08001be0   0x00000094   Code   RO         1144    i.I2C_RequestMemoryWrite  stm32f1xx_hal_i2c.o
    0x08001c74   0x0000004c   Code   RO         1147    i.I2C_WaitOnBTFFlagUntilTimeout  stm32f1xx_hal_i2c.o
    0x08001cc0   0x00000068   Code   RO         1148    i.I2C_WaitOnFlagUntilTimeout  stm32f1xx_hal_i2c.o
    0x08001d28   0x00000096   Code   RO         1149    i.I2C_WaitOnMasterAddressFlagUntilTimeout  stm32f1xx_hal_i2c.o
    0x08001dbe   0x00000066   Code   RO         1150    i.I2C_WaitOnRXNEFlagUntilTimeout  stm32f1xx_hal_i2c.o
    0x08001e24   0x0000004c   Code   RO         1151    i.I2C_WaitOnTXEFlagUntilTimeout  stm32f1xx_hal_i2c.o
    0x08001e70   0x00000020   Code   RO          982    i.IIC_ReadByte      iic.o
    0x08001e90   0x00000020   Code   RO          983    i.IIC_ReadBytes     iic.o
    0x08001eb0   0x00000054   Code   RO          984    i.IIC_WriteBits     iic.o
    0x08001f04   0x00000024   Code   RO          985    i.IIC_WriteByte     iic.o
    0x08001f28   0x00000020   Code   RO          986    i.IIC_WriteBytes    iic.o
    0x08001f48   0x00000032   Code   RO          987    i.IICwriteBit       iic.o
    0x08001f7a   0x0000002a   Code   RO          869    i.MPU6050_initialize  mpu6050.o
    0x08001fa4   0x00000012   Code   RO          871    i.MPU6050_setClockSource  mpu6050.o
    0x08001fb6   0x00000012   Code   RO          872    i.MPU6050_setFullScaleAccelRange  mpu6050.o
    0x08001fc8   0x00000012   Code   RO          873    i.MPU6050_setFullScaleGyroRange  mpu6050.o
    0x08001fda   0x0000000c   Code   RO          874    i.MPU6050_setI2CBypassEnabled  mpu6050.o
    0x08001fe6   0x0000000c   Code   RO          875    i.MPU6050_setI2CMasterModeEnabled  mpu6050.o
    0x08001ff2   0x0000000c   Code   RO          876    i.MPU6050_setSleepEnabled  mpu6050.o
    0x08001ffe   0x00000002   PAD
    0x08002000   0x0000003c   Code   RO          149    i.MX_GPIO_Init      gpio.o
    0x0800203c   0x00000040   Code   RO          175    i.MX_I2C1_Init      i2c.o
    0x0800207c   0x00000038   Code   RO          217    i.MX_USART1_UART_Init  usart.o
    0x080020b4   0x00000002   Code   RO          276    i.MemManage_Handler  stm32f1xx_it.o
    0x080020b6   0x00000002   Code   RO          277    i.NMI_Handler       stm32f1xx_it.o
    0x080020b8   0x00000002   Code   RO          278    i.PendSV_Handler    stm32f1xx_it.o
    0x080020ba   0x00000002   PAD
    0x080020bc   0x0000012c   Code   RO          878    i.Read_DMP          mpu6050.o
    0x080021e8   0x00000002   Code   RO          279    i.SVC_Handler       stm32f1xx_it.o
    0x080021ea   0x00000004   Code   RO          280    i.SysTick_Handler   stm32f1xx_it.o
    0x080021ee   0x0000004e   Code   RO           14    i.SystemClock_Config  main.o
    0x0800223c   0x00000048   Code   RO         2841    i.SystemInit        system_stm32f1xx.o
    0x08002284   0x000000b8   Code   RO         2565    i.UART_SetConfig    stm32f1xx_hal_uart.o
    0x0800233c   0x00000064   Code   RO         2567    i.UART_WaitOnFlagUntilTimeout  stm32f1xx_hal_uart.o
    0x080023a0   0x00000002   Code   RO          281    i.UsageFault_Handler  stm32f1xx_it.o
    0x080023a2   0x00000002   PAD
    0x080023a4   0x00000020   Code   RO         3141    i.__0printf         mc_w.l(printfa.o)
    0x080023c4   0x00000028   Code   RO         3217    i.__ARM_fpclassify  m_ws.l(fpclassify.o)
    0x080023ec   0x00000020   Code   RO         1991    i.__NVIC_SetPriority  stm32f1xx_hal_cortex.o
    0x0800240c   0x000000aa   Code   RO         3219    i.__kernel_poly     m_ws.l(poly.o)
    0x080024b6   0x00000006   Code   RO         3204    i.__mathlib_dbl_infnan  m_ws.l(dunder.o)
    0x080024bc   0x00000004   Code   RO         3205    i.__mathlib_dbl_infnan2  m_ws.l(dunder.o)
    0x080024c0   0x0000000c   Code   RO         3206    i.__mathlib_dbl_invalid  m_ws.l(dunder.o)
    0x080024cc   0x00000010   Code   RO         3209    i.__mathlib_dbl_underflow  m_ws.l(dunder.o)
    0x080024dc   0x0000000e   Code   RO         3281    i.__scatterload_copy  mc_w.l(handlers.o)
    0x080024ea   0x00000002   Code   RO         3282    i.__scatterload_null  mc_w.l(handlers.o)
    0x080024ec   0x0000000e   Code   RO         3283    i.__scatterload_zeroinit  mc_w.l(handlers.o)
    0x080024fa   0x00000002   PAD
    0x080024fc   0x0000000c   Code   RO         3255    i.__set_errno       mc_w.l(errno.o)
    0x08002508   0x00000184   Code   RO         3148    i._fp_digits        mc_w.l(printfa.o)
    0x0800268c   0x000006dc   Code   RO         3149    i._printf_core      mc_w.l(printfa.o)
    0x08002d68   0x00000024   Code   RO         3150    i._printf_post_padding  mc_w.l(printfa.o)
    0x08002d8c   0x0000002e   Code   RO         3151    i._printf_pre_padding  mc_w.l(printfa.o)
    0x08002dba   0x00000002   PAD
    0x08002dbc   0x00000088   Code   RO          372    i.accel_self_test   inv_mpu.o
    0x08002e44   0x00000270   Code   RO         2876    i.asin              m_ws.l(asin.o)
    0x080030b4   0x00000220   Code   RO         3194    i.atan              m_ws.l(atan.o)
    0x080032d4   0x00000180   Code   RO         2886    i.atan2             m_ws.l(atan2.o)
    0x08003454   0x0000003a   Code   RO          672    i.dmp_enable_6x_lp_quat  inv_mpu_dmp_motion_driver.o
    0x0800348e   0x00000002   PAD
    0x08003490   0x000001d8   Code   RO          673    i.dmp_enable_feature  inv_mpu_dmp_motion_driver.o
    0x08003668   0x0000003c   Code   RO          674    i.dmp_enable_gyro_cal  inv_mpu_dmp_motion_driver.o
    0x080036a4   0x0000003a   Code   RO          675    i.dmp_enable_lp_quat  inv_mpu_dmp_motion_driver.o
    0x080036de   0x00000002   PAD
    0x080036e0   0x00000014   Code   RO          680    i.dmp_load_motion_driver_firmware  inv_mpu_dmp_motion_driver.o
    0x080036f4   0x00000144   Code   RO          681    i.dmp_read_fifo     inv_mpu_dmp_motion_driver.o
    0x08003838   0x000000d8   Code   RO          684    i.dmp_set_accel_bias  inv_mpu_dmp_motion_driver.o
    0x08003910   0x00000064   Code   RO          685    i.dmp_set_fifo_rate  inv_mpu_dmp_motion_driver.o
    0x08003974   0x000000cc   Code   RO          686    i.dmp_set_gyro_bias  inv_mpu_dmp_motion_driver.o
    0x08003a40   0x0000010c   Code   RO          688    i.dmp_set_orientation  inv_mpu_dmp_motion_driver.o
    0x08003b4c   0x00000030   Code   RO          691    i.dmp_set_shake_reject_thresh  inv_mpu_dmp_motion_driver.o
    0x08003b7c   0x00000020   Code   RO          692    i.dmp_set_shake_reject_time  inv_mpu_dmp_motion_driver.o
    0x08003b9c   0x00000020   Code   RO          693    i.dmp_set_shake_reject_timeout  inv_mpu_dmp_motion_driver.o
    0x08003bbc   0x00000040   Code   RO          694    i.dmp_set_tap_axes  inv_mpu_dmp_motion_driver.o
    0x08003bfc   0x00000022   Code   RO          695    i.dmp_set_tap_count  inv_mpu_dmp_motion_driver.o
    0x08003c1e   0x00000002   PAD
    0x08003c20   0x00000128   Code   RO          696    i.dmp_set_tap_thresh  inv_mpu_dmp_motion_driver.o
    0x08003d48   0x00000020   Code   RO          697    i.dmp_set_tap_time  inv_mpu_dmp_motion_driver.o
    0x08003d68   0x00000020   Code   RO          698    i.dmp_set_tap_time_multi  inv_mpu_dmp_motion_driver.o
    0x08003d88   0x00000018   Code   RO          219    i.fputc             usart.o
    0x08003da0   0x000000ac   Code   RO          373    i.get_accel_prod_shift  inv_mpu.o
    0x08003e4c   0x00000314   Code   RO          374    i.get_st_biases     inv_mpu.o
    0x08004160   0x000000dc   Code   RO          375    i.gyro_self_test    inv_mpu.o
    0x0800423c   0x00000048   Code   RO          880    i.inv_row_2_scale   mpu6050.o
    0x08004284   0x0000006c   Code   RO           15    i.main              main.o
    0x080042f0   0x00000008   Code   RO          988    i.mpu_ReadBytes     iic.o
    0x080042f8   0x00000008   Code   RO          989    i.mpu_WriteBytes    iic.o
    0x08004300   0x00000054   Code   RO          376    i.mpu_configure_fifo  inv_mpu.o
    0x08004354   0x0000003c   Code   RO          377    i.mpu_get_accel_fsr  inv_mpu.o
    0x08004390   0x00000044   Code   RO          379    i.mpu_get_accel_sens  inv_mpu.o
    0x080043d4   0x00000034   Code   RO          385    i.mpu_get_gyro_fsr  inv_mpu.o
    0x08004408   0x00000040   Code   RO          387    i.mpu_get_gyro_sens  inv_mpu.o
    0x08004448   0x00000038   Code   RO          389    i.mpu_get_lpf       inv_mpu.o
    0x08004480   0x0000001c   Code   RO          391    i.mpu_get_sample_rate  inv_mpu.o
    0x0800449c   0x00000188   Code   RO          393    i.mpu_init          inv_mpu.o
    0x08004624   0x000000a0   Code   RO          394    i.mpu_load_firmware  inv_mpu.o
    0x080046c4   0x000000b8   Code   RO          395    i.mpu_lp_accel_mode  inv_mpu.o
    0x0800477c   0x00000090   Code   RO          398    i.mpu_read_fifo_stream  inv_mpu.o
    0x0800480c   0x00000054   Code   RO          399    i.mpu_read_mem      inv_mpu.o
    0x08004860   0x00000150   Code   RO          402    i.mpu_reset_fifo    inv_mpu.o
    0x080049b0   0x000000f0   Code   RO          403    i.mpu_run_self_test  inv_mpu.o
    0x08004aa0   0x00000068   Code   RO          405    i.mpu_set_accel_fsr  inv_mpu.o
    0x08004b08   0x000000dc   Code   RO          406    i.mpu_set_bypass    inv_mpu.o
    0x08004be4   0x00000078   Code   RO          408    i.mpu_set_dmp_state  inv_mpu.o
    0x08004c5c   0x0000006c   Code   RO          409    i.mpu_set_gyro_fsr  inv_mpu.o
    0x08004cc8   0x00000064   Code   RO          410    i.mpu_set_int_latched  inv_mpu.o
    0x08004d2c   0x0000006c   Code   RO          412    i.mpu_set_lpf       inv_mpu.o
    0x08004d98   0x00000080   Code   RO          413    i.mpu_set_sample_rate  inv_mpu.o
    0x08004e18   0x000000b8   Code   RO          414    i.mpu_set_sensors   inv_mpu.o
    0x08004ed0   0x00000054   Code   RO          415    i.mpu_write_mem     inv_mpu.o
    0x08004f24   0x00000002   Code   RO          416    i.myget_ms          inv_mpu.o
    0x08004f26   0x0000007a   Code   RO          881    i.run_self_test     mpu6050.o
    0x08004fa0   0x00000058   Code   RO          417    i.set_int_enable    inv_mpu.o
    0x08004ff8   0x0000004c   Code   RO         3223    i.sqrt              m_ws.l(sqrt.o)
    0x08005044   0x0000000c   Data   RO          418    .constdata          inv_mpu.o
    0x08005050   0x0000001b   Data   RO          419    .constdata          inv_mpu.o
    0x0800506b   0x00000001   PAD
    0x0800506c   0x00000028   Data   RO          420    .constdata          inv_mpu.o
    0x08005094   0x00000bf6   Data   RO          700    .constdata          inv_mpu_dmp_motion_driver.o
    0x08005c8a   0x00000010   Data   RO         2842    .constdata          system_stm32f1xx.o
    0x08005c9a   0x00000008   Data   RO         2843    .constdata          system_stm32f1xx.o
    0x08005ca2   0x00000006   PAD
    0x08005ca8   0x00000050   Data   RO         2877    .constdata          m_ws.l(asin.o)
    0x08005cf8   0x00000098   Data   RO         3195    .constdata          m_ws.l(atan.o)
    0x08005d90   0x00000008   Data   RO         3221    .constdata          m_ws.l(qnan.o)
    0x08005d98   0x0000004e   Data   RO          421    .conststring        inv_mpu.o
    0x08005de6   0x00000002   PAD
    0x08005de8   0x00000020   Data   RO         3279    Region$$Table       anon$$obj.o


    Execution Region RW_IRAM1 (Base: 0x20000000, Size: 0x00000520, Max: 0x0000c000, ABSOLUTE)

    Base Addr    Size         Type   Attr      Idx    E Section Name        Object

    0x20000000   0x0000002c   Data   RW          422    .data               inv_mpu.o
    0x2000002c   0x00000031   Data   RW          883    .data               mpu6050.o
    0x2000005d   0x00000003   PAD
    0x20000060   0x0000000c   Data   RW         1528    .data               stm32f1xx_hal.o
    0x2000006c   0x00000004   Data   RW         2844    .data               system_stm32f1xx.o
    0x20000070   0x00000004   Data   RW         3244    .data               mc_w.l(stdout.o)
    0x20000074   0x00000004   Data   RW         3256    .data               mc_w.l(errno.o)
    0x20000078   0x00000054   Zero   RW          176    .bss                i2c.o
    0x200000cc   0x00000040   Zero   RW          220    .bss                usart.o
    0x2000010c   0x00000010   Zero   RW          699    .bss                inv_mpu_dmp_motion_driver.o
    0x2000011c   0x00000004   PAD
    0x20000120   0x00000400   Zero   RW            1    STACK               startup_stm32f103xe.o


==============================================================================

Image component sizes


      Code (inc. data)   RO Data    RW Data    ZI Data      Debug   Object Name

        60          6          0          0          0        743   gpio.o
       156         26          0          0         84       1493   i2c.o
       282         22          0          0          0       5131   iic.o
      4514        280        157         44          0      24726   inv_mpu.o
      2350        118       3062          0         16      18678   inv_mpu_dmp_motion_driver.o
       188         32          0          0          0     461604   main.o
       810         20          0         49          0      32582   mpu6050.o
        36          8        304          0       1024        780   startup_stm32f103xe.o
       164         28          0         12          0       6309   stm32f1xx_hal.o
       172         14          0          0          0      28174   stm32f1xx_hal_cortex.o
       504         42          0          0          0       2232   stm32f1xx_hal_gpio.o
      2152         44          0          0          0      12014   stm32f1xx_hal_i2c.o
        60          8          0          0          0        794   stm32f1xx_hal_msp.o
      1272        100          0          0          0       5044   stm32f1xx_hal_rcc.o
       568          6          0          0          0       3804   stm32f1xx_hal_uart.o
        20          0          0          0          0       3578   stm32f1xx_it.o
        72         16         24          4          0       1087   system_stm32f1xx.o
       192         24          0          0         64       3322   usart.o

    ----------------------------------------------------------------------
     13586        794       3588        112       1192     612095   Object Totals
         0          0         32          0          0          0   (incl. Generated)
        14          0          9          3          4          0   (incl. Padding)

    ----------------------------------------------------------------------

      Code (inc. data)   RO Data    RW Data    ZI Data      Debug   Library Member Name

       624         52         80          0          0        168   asin.o
       544         70        152          0          0        124   atan.o
       384         38          0          0          0        144   atan2.o
        38          6          0          0          0        272   dunder.o
        40          0          0          0          0         68   fpclassify.o
       170          0          0          0          0         96   poly.o
         0          0          8          0          0          0   qnan.o
        76          0          0          0          0         84   sqrt.o
         0          0          0          0          0          0   entry.o
         0          0          0          0          0          0   entry10a.o
         0          0          0          0          0          0   entry11a.o
         8          4          0          0          0          0   entry2.o
         4          0          0          0          0          0   entry5.o
         0          0          0          0          0          0   entry7b.o
         0          0          0          0          0          0   entry8b.o
         8          4          0          0          0          0   entry9a.o
        12          6          0          4          0         68   errno.o
        30          0          0          0          0          0   handlers.o
        36          8          0          0          0         68   init.o
         0          0          0          0          0          0   iusefp.o
        98          0          0          0          0         84   ldiv.o
        30          0          0          0          0         68   llshl.o
        36          0          0          0          0         68   llsshr.o
        32          0          0          0          0         68   llushr.o
        26          0          0          0          0         80   memcmp.o
        36          0          0          0          0        108   memseta.o
      2258         90          0          0          0        452   printfa.o
         0          0          0          4          0          0   stdout.o
        44          0          0          0          0         80   uidiv.o
        98          0          0          0          0         92   uldiv.o
        48          0          0          0          0         68   cdrcmple.o
        56          0          0          0          0         88   d2f.o
       334          0          0          0          0        148   dadd.o
       222          0          0          0          0        100   ddiv.o
       186          0          0          0          0        176   depilogue.o
        48          0          0          0          0         68   dfixul.o
       228          0          0          0          0         96   dmul.o
        46          0          0          0          0         80   dscalb.o
       162          0          0          0          0        100   dsqrt.o
        38          0          0          0          0         68   f2d.o
       176          0          0          0          0        140   fadd.o
       124          0          0          0          0         88   fdiv.o
       110          0          0          0          0        168   fepilogue.o
        50          0          0          0          0         68   ffixi.o
        40          0          0          0          0         68   ffixui.o
        18          0          0          0          0         68   fflti.o
        10          0          0          0          0         68   ffltui.o
       100          0          0          0          0         76   fmul.o
        24          0          0          0          0         68   fscalb.o

    ----------------------------------------------------------------------
      6658        278        240          8          0       3996   Library Totals
         6          0          0          0          0          0   (incl. Padding)

    ----------------------------------------------------------------------

      Code (inc. data)   RO Data    RW Data    ZI Data      Debug   Library Name

      1876        166        240          0          0        956   m_ws.l
      2756        112          0          8          0       1236   mc_w.l
      2020          0          0          0          0       1804   mf_w.l

    ----------------------------------------------------------------------
      6658        278        240          8          0       3996   Library Totals

    ----------------------------------------------------------------------

==============================================================================


      Code (inc. data)   RO Data    RW Data    ZI Data      Debug   

     20244       1072       3828        120       1192     608235   Grand Totals
     20244       1072       3828        120       1192     608235   ELF Image Totals
     20244       1072       3828        120          0          0   ROM Totals

==============================================================================

    Total RO  Size (Code + RO Data)                24072 (  23.51kB)
    Total RW  Size (RW Data + ZI Data)              1312 (   1.28kB)
    Total ROM Size (Code + RO Data + RW Data)      24192 (  23.63kB)

==============================================================================

