<html>
<body>
<pre>
<h1>µVision Build Log</h1>
<h2>Tool Versions:</h2>
IDE-Version: ¦ÌVision V5.21.1.0
Copyright (C) 2016 ARM Ltd and ARM Germany GmbH. All rights reserved.
License Information: 11 Administrator, 1, LIC=V85FW-Q0Y0U-TLECD-8XJW2-Z9PMH-YMG87
 
Tool Versions:
Toolchain:       MDK-ARM Professional  Version: 5.21a
Toolchain Path:  D:\Program Files\keil_v5\ARM\ARMCC\Bin
C Compiler:      Armcc.exe V5.06 update 3 (build 300)
Assembler:       Armasm.exe V5.06 update 3 (build 300)
Linker/Locator:  ArmLink.exe V5.06 update 3 (build 300)
Library Manager: ArmAr.exe V5.06 update 3 (build 300)
Hex Converter:   FromElf.exe V5.06 update 3 (build 300)
CPU DLL:         SARMCM3.DLL V5.21a
Dialog DLL:      DCM.DLL V1.13.8.0
Target DLL:      STLink\ST-LINKIII-KEIL_SWO.dll V2.0.18.0
Dialog DLL:      TCM.DLL V1.14.14.0
 
<h2>Project:</h2>
D:\STM32\New Folder\mpu6050\MDK-ARM\mpu6050.uvprojx
Project File Date:  08/30/2020

<h2>Output:</h2>
*** Using Compiler 'V5.06 update 3 (build 300)', folder: 'D:\Program Files\keil_v5\ARM\ARMCC\Bin'
Build target 'mpu6050'
compiling usart.c...
compiling main.c...
../Src/main.c(107): warning:  #223-D: function "printf" declared implicitly
  	  printf("Pitch: %f\r\n",Pitch);
../Src/main.c: 1 warning, 0 errors
compiling Mpu6050.c...
..\Src\Mpu6050.c(333): warning:  #1-D: last line of file ends without a newline
  }
..\Src\Mpu6050.c: 1 warning, 0 errors
compiling inv_mpu.c...
..\Src\inv_mpu.c(787): warning:  #223-D: function "printf" declared implicitly
              
og_e("Unsupported software product rev %d.\n",rev);
..\Src\inv_mpu.c(795): warning:  #223-D: function "printf" declared implicitly
              
og_e("Product ID read as 0 indicates device is either incompatible or an MPU3050.\r\n");
..\Src\inv_mpu.c(798): warning:  #223-D: function "printf" declared implicitly
              
og_i("Half sensitivity part found.\r\n");
..\Src\inv_mpu.c(840): warning:  #223-D: function "memset" declared implicitly
      memset(&st.chip_cfg.cache, 0, sizeof(st.chip_cfg.cache));
..\Src\inv_mpu.c(1932): warning:  #223-D: function "labs" declared implicitly
          st_shift_cust = labs(bias_regular[jj] - bias_st[jj]) / 65536.f;
..\Src\inv_mpu.c(1935): warning:  #223-D: function "fabsf" declared implicitly
              if (
abs(st_shift_var) > test.max_accel_var)
..\Src\inv_mpu.c(1959): warning:  #223-D: function "labs" declared implicitly
          st_shift_cust = labs(bias_regular[jj] - bias_st[jj]) / 65536.f;
..\Src\inv_mpu.c(1965): warning:  #223-D: function "fabsf" declared implicitly
              if (
abs(st_shift_var) > test.max_gyro_var)
..\Src\inv_mpu.c(2357): warning:  #223-D: function "memcmp" declared implicitly
          if (memcmp(firmware+ii, cur, this_write))
..\Src\inv_mpu.c: 9 warnings, 0 errors
linking...
Program Size: Code=20244 RO-data=3828 RW-data=120 ZI-data=1192  
FromELF: creating hex file...
"mpu6050\mpu6050.axf" - 0 Error(s), 11 Warning(s).

<h2>Software Packages used:</h2>

Package Vendor: ARM
                http://www.keil.com/pack/ARM.CMSIS.4.5.0.pack
                ARM::CMSIS:CORE:4.3.0
                CMSIS (Cortex Microcontroller Software Interface Standard)
   * Component: CORE Version: 4.3.0

<h2>Collection of Component include folders:</h2>
  D:\STM32\New Folder\mpu6050\MDK-ARM\RTE
  D:\Program Files\keil_v5\ARM\PACK\ARM\CMSIS\4.5.0\CMSIS\Include
  D:\Program Files\keil_v5\ARM\PACK\Keil\STM32F1xx_DFP\2.1.0\Device\Include

<h2>Collection of Component Files used:</h2>

   * Component: ARM::CMSIS:CORE:4.3.0
Build Time Elapsed:  00:00:02
</pre>
</body>
</html>
